Component: ARM Compiler 5.05 update 1 (build 106) Tool: armlink [4d0efa]

==============================================================================

Section Cross References

    usart.o(i.USART1_IRQHandler) refers to stm32f10x_usart.o(i.USART_GetITStatus) for USART_GetITStatus
    usart.o(i.USART1_IRQHandler) refers to stm32f10x_usart.o(i.USART_ReceiveData) for USART_ReceiveData
    usart.o(i.USART1_IRQHandler) refers to usart.o(.data) for USART_RX_STA
    usart.o(i.USART1_IRQHandler) refers to usart.o(.bss) for USART1_RX_BUF
    usart.o(i.uart_init) refers to stm32f10x_rcc.o(i.RCC_APB2PeriphClockCmd) for RCC_APB2PeriphClockCmd
    usart.o(i.uart_init) refers to stm32f10x_gpio.o(i.GPIO_Init) for GPIO_Init
    usart.o(i.uart_init) refers to misc.o(i.NVIC_Init) for NVIC_Init
    usart.o(i.uart_init) refers to stm32f10x_usart.o(i.USART_Init) for USART_Init
    usart.o(i.uart_init) refers to stm32f10x_usart.o(i.USART_ITConfig) for USART_ITConfig
    usart.o(i.uart_init) refers to stm32f10x_usart.o(i.USART_Cmd) for USART_Cmd
    delay.o(i.delay_init) refers to misc.o(i.SysTick_CLKSourceConfig) for SysTick_CLKSourceConfig
    delay.o(i.delay_init) refers to system_stm32f10x.o(.data) for SystemCoreClock
    delay.o(i.delay_init) refers to delay.o(.data) for fac_us
    delay.o(i.delay_ms) refers to delay.o(.data) for fac_ms
    delay.o(i.delay_us) refers to delay.o(.data) for fac_us
    main.o(i.main) refers to system.o(i.System_Init) for System_Init
    main.o(i.main) refers to system.o(i.Task_Schedule) for Task_Schedule
    stm32f10x_it.o(i.TIM4_IRQHandler) refers to stm32f10x_tim.o(i.TIM_GetITStatus) for TIM_GetITStatus
    stm32f10x_it.o(i.TIM4_IRQHandler) refers to stm32f10x_tim.o(i.TIM_ClearITPendingBit) for TIM_ClearITPendingBit
    stm32f10x_it.o(i.TIM4_IRQHandler) refers to stm32f10x_it.o(.data) for ms5
    stm32f10x_it.o(i.USART2_IRQHandler) refers to stm32f10x_usart.o(i.USART_GetITStatus) for USART_GetITStatus
    stm32f10x_it.o(i.USART2_IRQHandler) refers to stm32f10x_usart.o(i.USART_ReceiveData) for USART_ReceiveData
    stm32f10x_it.o(i.USART2_IRQHandler) refers to usart.o(.data) for USART_RX_STA
    stm32f10x_it.o(i.USART2_IRQHandler) refers to usart2.o(.bss) for USART2_RX_BUF
    system_stm32f10x.o(i.SetSysClock) refers to system_stm32f10x.o(i.SetSysClockTo72) for SetSysClockTo72
    system_stm32f10x.o(i.SystemCoreClockUpdate) refers to system_stm32f10x.o(.data) for SystemCoreClock
    system_stm32f10x.o(i.SystemInit) refers to system_stm32f10x.o(i.SetSysClock) for SetSysClock
    led.o(i.LED_Init) refers to stm32f10x_rcc.o(i.RCC_APB2PeriphClockCmd) for RCC_APB2PeriphClockCmd
    led.o(i.LED_Init) refers to stm32f10x_gpio.o(i.GPIO_Init) for GPIO_Init
    exit.o(i.Exit_Init) refers to stm32f10x_rcc.o(i.RCC_APB2PeriphClockCmd) for RCC_APB2PeriphClockCmd
    exit.o(i.Exit_Init) refers to stm32f10x_gpio.o(i.GPIO_EXTILineConfig) for GPIO_EXTILineConfig
    exit.o(i.Exit_Init) refers to stm32f10x_gpio.o(i.GPIO_Init) for GPIO_Init
    exit.o(i.Exit_Init) refers to stm32f10x_exti.o(i.EXTI_Init) for EXTI_Init
    iic.o(i.IIC_Ack) refers to iic.o(i.SDA_OUT) for SDA_OUT
    iic.o(i.IIC_Ack) refers to delay.o(i.delay_us) for delay_us
    iic.o(i.IIC_GPIO_Init) refers to stm32f10x_rcc.o(i.RCC_APB2PeriphClockCmd) for RCC_APB2PeriphClockCmd
    iic.o(i.IIC_GPIO_Init) refers to stm32f10x_gpio.o(i.GPIO_Init) for GPIO_Init
    iic.o(i.IIC_GPIO_Init) refers to stm32f10x_gpio.o(i.GPIO_SetBits) for GPIO_SetBits
    iic.o(i.IIC_NAck) refers to iic.o(i.SDA_OUT) for SDA_OUT
    iic.o(i.IIC_NAck) refers to delay.o(i.delay_us) for delay_us
    iic.o(i.IIC_ReadByte) refers to iic.o(i.SDA_IN) for SDA_IN
    iic.o(i.IIC_ReadByte) refers to delay.o(i.delay_us) for delay_us
    iic.o(i.IIC_ReadByte) refers to iic.o(i.IIC_Ack) for IIC_Ack
    iic.o(i.IIC_ReadByte) refers to iic.o(i.IIC_NAck) for IIC_NAck
    iic.o(i.IIC_ReadByteFromSlave) refers to iic.o(i.IIC_Start) for IIC_Start
    iic.o(i.IIC_ReadByteFromSlave) refers to iic.o(i.IIC_SendByte) for IIC_SendByte
    iic.o(i.IIC_ReadByteFromSlave) refers to iic.o(i.IIC_WaitAck) for IIC_WaitAck
    iic.o(i.IIC_ReadByteFromSlave) refers to iic.o(i.IIC_Stop) for IIC_Stop
    iic.o(i.IIC_ReadByteFromSlave) refers to iic.o(i.IIC_ReadByte) for IIC_ReadByte
    iic.o(i.IIC_ReadMultByteFromSlave) refers to iic.o(i.IIC_Start) for IIC_Start
    iic.o(i.IIC_ReadMultByteFromSlave) refers to iic.o(i.IIC_SendByte) for IIC_SendByte
    iic.o(i.IIC_ReadMultByteFromSlave) refers to iic.o(i.IIC_WaitAck) for IIC_WaitAck
    iic.o(i.IIC_ReadMultByteFromSlave) refers to iic.o(i.IIC_Stop) for IIC_Stop
    iic.o(i.IIC_ReadMultByteFromSlave) refers to iic.o(i.IIC_ReadByte) for IIC_ReadByte
    iic.o(i.IIC_SendByte) refers to iic.o(i.SDA_OUT) for SDA_OUT
    iic.o(i.IIC_SendByte) refers to delay.o(i.delay_us) for delay_us
    iic.o(i.IIC_Start) refers to iic.o(i.SDA_OUT) for SDA_OUT
    iic.o(i.IIC_Start) refers to delay.o(i.delay_us) for delay_us
[...]
    Removing stm32f10x_i2c.o(i.I2C_AcknowledgeConfig), (24 bytes).
    Removing stm32f10x_i2c.o(i.I2C_CalculatePEC), (24 bytes).
    Removing stm32f10x_i2c.o(i.I2C_CheckEvent), (42 bytes).
    Removing stm32f10x_i2c.o(i.I2C_ClearFlag), (12 bytes).
    Removing stm32f10x_i2c.o(i.I2C_ClearITPendingBit), (12 bytes).
    Removing stm32f10x_i2c.o(i.I2C_Cmd), (24 bytes).
    Removing stm32f10x_i2c.o(i.I2C_DMACmd), (24 bytes).
    Removing stm32f10x_i2c.o(i.I2C_DMALastTransferCmd), (24 bytes).
    Removing stm32f10x_i2c.o(i.I2C_DeInit), (56 bytes).
    Removing stm32f10x_i2c.o(i.I2C_DualAddressCmd), (24 bytes).
    Removing stm32f10x_i2c.o(i.I2C_FastModeDutyCycleConfig), (28 bytes).
    Removing stm32f10x_i2c.o(i.I2C_GeneralCallCmd), (24 bytes).
    Removing stm32f10x_i2c.o(i.I2C_GenerateSTART), (24 bytes).
    Removing stm32f10x_i2c.o(i.I2C_GenerateSTOP), (24 bytes).
    Removing stm32f10x_i2c.o(i.I2C_GetFlagStatus), (58 bytes).
    Removing stm32f10x_i2c.o(i.I2C_GetITStatus), (38 bytes).
    Removing stm32f10x_i2c.o(i.I2C_GetLastEvent), (26 bytes).
    Removing stm32f10x_i2c.o(i.I2C_GetPEC), (8 bytes).
    Removing stm32f10x_i2c.o(i.I2C_ITConfig), (18 bytes).
    Removing stm32f10x_i2c.o(i.I2C_Init), (236 bytes).
    Removing stm32f10x_i2c.o(i.I2C_NACKPositionConfig), (28 bytes).
    Removing stm32f10x_i2c.o(i.I2C_OwnAddress2Config), (22 bytes).
    Removing stm32f10x_i2c.o(i.I2C_PECPositionConfig), (28 bytes).
    Removing stm32f10x_i2c.o(i.I2C_ReadRegister), (22 bytes).
    Removing stm32f10x_i2c.o(i.I2C_ReceiveData), (8 bytes).
    Removing stm32f10x_i2c.o(i.I2C_SMBusAlertConfig), (28 bytes).
    Removing stm32f10x_i2c.o(i.I2C_Send7bitAddress), (18 bytes).
    Removing stm32f10x_i2c.o(i.I2C_SendData), (4 bytes).
    Removing stm32f10x_i2c.o(i.I2C_SoftwareResetCmd), (22 bytes).
    Removing stm32f10x_i2c.o(i.I2C_StretchClockCmd), (24 bytes).
    Removing stm32f10x_i2c.o(i.I2C_StructInit), (30 bytes).
    Removing stm32f10x_i2c.o(i.I2C_TransmitPEC), (24 bytes).
    Removing stm32f10x_iwdg.o(i.IWDG_Enable), (16 bytes).
    Removing stm32f10x_iwdg.o(i.IWDG_GetFlagStatus), (24 bytes).
    Removing stm32f10x_iwdg.o(i.IWDG_ReloadCounter), (16 bytes).
    Removing stm32f10x_iwdg.o(i.IWDG_SetPrescaler), (12 bytes).
    Removing stm32f10x_iwdg.o(i.IWDG_SetReload), (12 bytes).
    Removing stm32f10x_iwdg.o(i.IWDG_WriteAccessCmd), (12 bytes).
    Removing stm32f10x_pwr.o(i.PWR_BackupAccessCmd), (12 bytes).
    Removing stm32f10x_pwr.o(i.PWR_ClearFlag), (20 bytes).
    Removing stm32f10x_pwr.o(i.PWR_DeInit), (22 bytes).
    Removing stm32f10x_pwr.o(i.PWR_EnterSTANDBYMode), (52 bytes).
    Removing stm32f10x_pwr.o(i.PWR_EnterSTOPMode), (64 bytes).
    Removing stm32f10x_pwr.o(i.PWR_GetFlagStatus), (24 bytes).
    Removing stm32f10x_pwr.o(i.PWR_PVDCmd), (12 bytes).
    Removing stm32f10x_pwr.o(i.PWR_PVDLevelConfig), (24 bytes).
    Removing stm32f10x_pwr.o(i.PWR_WakeUpPinCmd), (12 bytes).
    Removing stm32f10x_rcc.o(i.RCC_ADCCLKConfig), (24 bytes).
    Removing stm32f10x_rcc.o(i.RCC_AHBPeriphClockCmd), (32 bytes).
    Removing stm32f10x_rcc.o(i.RCC_APB1PeriphResetCmd), (32 bytes).
    Removing stm32f10x_rcc.o(i.RCC_APB2PeriphResetCmd), (32 bytes).
    Removing stm32f10x_rcc.o(i.RCC_AdjustHSICalibrationValue), (24 bytes).
    Removing stm32f10x_rcc.o(i.RCC_BackupResetCmd), (12 bytes).
    Removing stm32f10x_rcc.o(i.RCC_ClearFlag), (20 bytes).
    Removing stm32f10x_rcc.o(i.RCC_ClearITPendingBit), (12 bytes).
    Removing stm32f10x_rcc.o(i.RCC_ClockSecuritySystemCmd), (12 bytes).
    Removing stm32f10x_rcc.o(i.RCC_DeInit), (76 bytes).
    Removing stm32f10x_rcc.o(i.RCC_GetFlagStatus), (60 bytes).
    Removing stm32f10x_rcc.o(i.RCC_GetITStatus), (24 bytes).
    Removing stm32f10x_rcc.o(i.RCC_GetSYSCLKSource), (16 bytes).
    Removing stm32f10x_rcc.o(i.RCC_HCLKConfig), (24 bytes).
    Removing stm32f10x_rcc.o(i.RCC_HSEConfig), (76 bytes).
    Removing stm32f10x_rcc.o(i.RCC_HSICmd), (12 bytes).
    Removing stm32f10x_rcc.o(i.RCC_ITConfig), (32 bytes).
    Removing stm32f10x_rcc.o(i.RCC_LSEConfig), (52 bytes).
    Removing stm32f10x_rcc.o(i.RCC_LSICmd), (12 bytes).
    Removing stm32f10x_rcc.o(i.RCC_MCOConfig), (12 bytes).
    Removing stm32f10x_rcc.o(i.RCC_PCLK1Config), (24 bytes).
    Removing stm32f10x_rcc.o(i.RCC_PCLK2Config), (24 bytes).
    Removing stm32f10x_rcc.o(i.RCC_PLLCmd), (12 bytes).
    Removing stm32f10x_rcc.o(i.RCC_PLLConfig), (28 bytes).
    Removing stm32f10x_rcc.o(i.RCC_RTCCLKCmd), (12 bytes).
    Removing stm32f10x_rcc.o(i.RCC_RTCCLKConfig), (16 bytes).
    Removing stm32f10x_rcc.o(i.RCC_SYSCLKConfig), (24 bytes).
    Removing stm32f10x_rcc.o(i.RCC_USBCLKConfig), (12 bytes).
    Removing stm32f10x_rcc.o(i.RCC_WaitForHSEStartUp), (56 bytes).
    Removing stm32f10x_rtc.o(i.RTC_ClearFlag), (16 bytes).
    Removing stm32f10x_rtc.o(i.RTC_ClearITPendingBit), (16 bytes).
    Removing stm32f10x_rtc.o(i.RTC_EnterConfigMode), (20 bytes).
    Removing stm32f10x_rtc.o(i.RTC_ExitConfigMode), (20 bytes).
    Removing stm32f10x_rtc.o(i.RTC_GetCounter), (20 bytes).
    Removing stm32f10x_rtc.o(i.RTC_GetDivider), (24 bytes).
    Removing stm32f10x_rtc.o(i.RTC_GetFlagStatus), (24 bytes).
    Removing stm32f10x_rtc.o(i.RTC_GetITStatus), (36 bytes).
    Removing stm32f10x_rtc.o(i.RTC_ITConfig), (32 bytes).
    Removing stm32f10x_rtc.o(i.RTC_SetAlarm), (28 bytes).
    Removing stm32f10x_rtc.o(i.RTC_SetCounter), (28 bytes).
    Removing stm32f10x_rtc.o(i.RTC_SetPrescaler), (32 bytes).
    Removing stm32f10x_rtc.o(i.RTC_WaitForLastTask), (20 bytes).
    Removing stm32f10x_rtc.o(i.RTC_WaitForSynchro), (36 bytes).
    Removing stm32f10x_sdio.o(i.SDIO_CEATAITCmd), (16 bytes).
    Removing stm32f10x_sdio.o(i.SDIO_ClearFlag), (12 bytes).
    Removing stm32f10x_sdio.o(i.SDIO_ClearITPendingBit), (12 bytes).
    Removing stm32f10x_sdio.o(i.SDIO_ClockCmd), (12 bytes).
    Removing stm32f10x_sdio.o(i.SDIO_CmdStructInit), (14 bytes).
    Removing stm32f10x_sdio.o(i.SDIO_CommandCompletionCmd), (12 bytes).
    Removing stm32f10x_sdio.o(i.SDIO_DMACmd), (12 bytes).
    Removing stm32f10x_sdio.o(i.SDIO_DataConfig), (48 bytes).
    Removing stm32f10x_sdio.o(i.SDIO_DataStructInit), (20 bytes).
    Removing stm32f10x_sdio.o(i.SDIO_DeInit), (36 bytes).
    Removing stm32f10x_sdio.o(i.SDIO_GetCommandResponse), (12 bytes).
    Removing stm32f10x_sdio.o(i.SDIO_GetDataCounter), (12 bytes).
    Removing stm32f10x_sdio.o(i.SDIO_GetFIFOCount), (12 bytes).
    Removing stm32f10x_sdio.o(i.SDIO_GetFlagStatus), (24 bytes).
    Removing stm32f10x_sdio.o(i.SDIO_GetITStatus), (24 bytes).
    Removing stm32f10x_sdio.o(i.SDIO_GetPowerState), (16 bytes).
    Removing stm32f10x_sdio.o(i.SDIO_GetResponse), (24 bytes).
    Removing stm32f10x_sdio.o(i.SDIO_ITConfig), (32 bytes).
    Removing stm32f10x_sdio.o(i.SDIO_Init), (48 bytes).
    Removing stm32f10x_sdio.o(i.SDIO_ReadData), (12 bytes).
    Removing stm32f10x_sdio.o(i.SDIO_SendCEATACmd), (12 bytes).
    Removing stm32f10x_sdio.o(i.SDIO_SendCommand), (44 bytes).
    Removing stm32f10x_sdio.o(i.SDIO_SendSDIOSuspendCmd), (12 bytes).
    Removing stm32f10x_sdio.o(i.SDIO_SetPowerState), (28 bytes).
    Removing stm32f10x_sdio.o(i.SDIO_SetSDIOOperation), (12 bytes).
    Removing stm32f10x_sdio.o(i.SDIO_SetSDIOReadWaitMode), (12 bytes).
    Removing stm32f10x_sdio.o(i.SDIO_StartSDIOReadWait), (12 bytes).
    Removing stm32f10x_sdio.o(i.SDIO_StopSDIOReadWait), (12 bytes).
    Removing stm32f10x_sdio.o(i.SDIO_StructInit), (16 bytes).
    Removing stm32f10x_sdio.o(i.SDIO_WriteData), (12 bytes).
    Removing stm32f10x_spi.o(i.I2S_Cmd), (24 bytes).
    Removing stm32f10x_spi.o(i.I2S_Init), (232 bytes).
    Removing stm32f10x_spi.o(i.I2S_StructInit), (20 bytes).
    Removing stm32f10x_spi.o(i.SPI_BiDirectionalLineConfig), (28 bytes).
    Removing stm32f10x_spi.o(i.SPI_CalculateCRC), (24 bytes).
    Removing stm32f10x_spi.o(i.SPI_Cmd), (24 bytes).
    Removing stm32f10x_spi.o(i.SPI_DataSizeConfig), (18 bytes).
    Removing stm32f10x_spi.o(i.SPI_GetCRC), (16 bytes).
    Removing stm32f10x_spi.o(i.SPI_GetCRCPolynomial), (6 bytes).
    Removing stm32f10x_spi.o(i.SPI_I2S_ClearFlag), (6 bytes).
    Removing stm32f10x_spi.o(i.SPI_I2S_ClearITPendingBit), (20 bytes).
    Removing stm32f10x_spi.o(i.SPI_I2S_DMACmd), (18 bytes).
    Removing stm32f10x_spi.o(i.SPI_I2S_DeInit), (88 bytes).
    Removing stm32f10x_spi.o(i.SPI_I2S_GetFlagStatus), (18 bytes).
    Removing stm32f10x_spi.o(i.SPI_I2S_GetITStatus), (52 bytes).
    Removing stm32f10x_spi.o(i.SPI_I2S_ITConfig), (32 bytes).
    Removing stm32f10x_spi.o(i.SPI_I2S_ReceiveData), (6 bytes).
    Removing stm32f10x_spi.o(i.SPI_I2S_SendData), (4 bytes).
    Removing stm32f10x_spi.o(i.SPI_Init), (60 bytes).
    Removing stm32f10x_spi.o(i.SPI_NSSInternalSoftwareConfig), (30 bytes).
    Removing stm32f10x_spi.o(i.SPI_SSOutputCmd), (24 bytes).
    Removing stm32f10x_spi.o(i.SPI_StructInit), (24 bytes).
    Removing stm32f10x_spi.o(i.SPI_TransmitCRC), (10 bytes).
    Removing stm32f10x_tim.o(i.TI1_Config), (128 bytes).
    Removing stm32f10x_tim.o(i.TI2_Config), (152 bytes).
    Removing stm32f10x_tim.o(i.TI3_Config), (144 bytes).
    Removing stm32f10x_tim.o(i.TI4_Config), (152 bytes).
    Removing stm32f10x_tim.o(i.TIM_ARRPreloadConfig), (24 bytes).
    Removing stm32f10x_tim.o(i.TIM_BDTRConfig), (32 bytes).
    Removing stm32f10x_tim.o(i.TIM_BDTRStructInit), (18 bytes).
    Removing stm32f10x_tim.o(i.TIM_CCPreloadControl), (24 bytes).
    Removing stm32f10x_tim.o(i.TIM_CCxCmd), (30 bytes).
    Removing stm32f10x_tim.o(i.TIM_CCxNCmd), (30 bytes).
    Removing stm32f10x_tim.o(i.TIM_ClearFlag), (6 bytes).
    Removing stm32f10x_tim.o(i.TIM_ClearOC1Ref), (18 bytes).
    Removing stm32f10x_tim.o(i.TIM_ClearOC2Ref), (24 bytes).
    Removing stm32f10x_tim.o(i.TIM_ClearOC3Ref), (18 bytes).
    Removing stm32f10x_tim.o(i.TIM_ClearOC4Ref), (24 bytes).
    Removing stm32f10x_tim.o(i.TIM_CounterModeConfig), (18 bytes).
    Removing stm32f10x_tim.o(i.TIM_DMACmd), (18 bytes).
    Removing stm32f10x_tim.o(i.TIM_DMAConfig), (10 bytes).
    Removing stm32f10x_tim.o(i.TIM_DeInit), (488 bytes).
    Removing stm32f10x_tim.o(i.TIM_ETRClockMode1Config), (54 bytes).
    Removing stm32f10x_tim.o(i.TIM_ETRClockMode2Config), (32 bytes).
    Removing stm32f10x_tim.o(i.TIM_ETRConfig), (28 bytes).
    Removing stm32f10x_tim.o(i.TIM_EncoderInterfaceConfig), (66 bytes).
    Removing stm32f10x_tim.o(i.TIM_ForcedOC1Config), (18 bytes).
    Removing stm32f10x_tim.o(i.TIM_ForcedOC2Config), (26 bytes).
    Removing stm32f10x_tim.o(i.TIM_ForcedOC3Config), (18 bytes).
    Removing stm32f10x_tim.o(i.TIM_ForcedOC4Config), (26 bytes).
    Removing stm32f10x_tim.o(i.TIM_GenerateEvent), (4 bytes).
    Removing stm32f10x_tim.o(i.TIM_GetCapture1), (6 bytes).
    Removing stm32f10x_tim.o(i.TIM_GetCapture2), (6 bytes).
    Removing stm32f10x_tim.o(i.TIM_GetCapture3), (6 bytes).
    Removing stm32f10x_tim.o(i.TIM_GetCapture4), (8 bytes).
    Removing stm32f10x_tim.o(i.TIM_GetCounter), (6 bytes).
    Removing stm32f10x_tim.o(i.TIM_GetFlagStatus), (18 bytes).
    Removing stm32f10x_tim.o(i.TIM_GetPrescaler), (6 bytes).
    Removing stm32f10x_tim.o(i.TIM_ICInit), (172 bytes).
    Removing stm32f10x_tim.o(i.TIM_ICStructInit), (18 bytes).
    Removing stm32f10x_tim.o(i.TIM_ITRxExternalClockConfig), (24 bytes).
    Removing stm32f10x_tim.o(i.TIM_InternalClockConfig), (12 bytes).
    Removing stm32f10x_tim.o(i.TIM_OC1FastConfig), (18 bytes).
    Removing stm32f10x_tim.o(i.TIM_OC1NPolarityConfig), (18 bytes).
    Removing stm32f10x_tim.o(i.TIM_OC1PolarityConfig), (18 bytes).
    Removing stm32f10x_tim.o(i.TIM_OC2FastConfig), (26 bytes).
    Removing stm32f10x_tim.o(i.TIM_OC2NPolarityConfig), (26 bytes).
    Removing stm32f10x_tim.o(i.TIM_OC2PolarityConfig), (26 bytes).
    Removing stm32f10x_tim.o(i.TIM_OC3FastConfig), (18 bytes).
    Removing stm32f10x_tim.o(i.TIM_OC3NPolarityConfig), (26 bytes).
    Removing stm32f10x_tim.o(i.TIM_OC3PolarityConfig), (26 bytes).
    Removing stm32f10x_tim.o(i.TIM_OC4FastConfig), (26 bytes).
    Removing stm32f10x_tim.o(i.TIM_OC4PolarityConfig), (26 bytes).
    Removing stm32f10x_tim.o(i.TIM_OCStructInit), (20 bytes).
    Removing stm32f10x_tim.o(i.TIM_PWMIConfig), (124 bytes).
    Removing stm32f10x_tim.o(i.TIM_PrescalerConfig), (6 bytes).
    Removing stm32f10x_tim.o(i.TIM_SelectCCDMA), (24 bytes).
    Removing stm32f10x_tim.o(i.TIM_SelectCOM), (24 bytes).
    Removing stm32f10x_tim.o(i.TIM_SelectHallSensor), (24 bytes).
    Removing stm32f10x_tim.o(i.TIM_SelectInputTrigger), (18 bytes).
    Removing stm32f10x_tim.o(i.TIM_SelectMasterSlaveMode), (18 bytes).
    Removing stm32f10x_tim.o(i.TIM_SelectOCxM), (82 bytes).
    Removing stm32f10x_tim.o(i.TIM_SelectOnePulseMode), (18 bytes).
    Removing stm32f10x_tim.o(i.TIM_SelectOutputTrigger), (18 bytes).
    Removing stm32f10x_tim.o(i.TIM_SelectSlaveMode), (18 bytes).
    Removing stm32f10x_tim.o(i.TIM_SetAutoreload), (4 bytes).
    Removing stm32f10x_tim.o(i.TIM_SetClockDivision), (18 bytes).
    Removing stm32f10x_tim.o(i.TIM_SetCompare1), (4 bytes).
    Removing stm32f10x_tim.o(i.TIM_SetCompare2), (4 bytes).
    Removing stm32f10x_tim.o(i.TIM_SetCompare3), (4 bytes).
    Removing stm32f10x_tim.o(i.TIM_SetCompare4), (6 bytes).
    Removing stm32f10x_tim.o(i.TIM_SetCounter), (4 bytes).
    Removing stm32f10x_tim.o(i.TIM_SetIC1Prescaler), (18 bytes).
    Removing stm32f10x_tim.o(i.TIM_SetIC2Prescaler), (26 bytes).
    Removing stm32f10x_tim.o(i.TIM_SetIC3Prescaler), (18 bytes).
    Removing stm32f10x_tim.o(i.TIM_SetIC4Prescaler), (26 bytes).
    Removing stm32f10x_tim.o(i.TIM_TIxExternalClockConfig), (62 bytes).
    Removing stm32f10x_tim.o(i.TIM_TimeBaseStructInit), (18 bytes).
    Removing stm32f10x_tim.o(i.TIM_UpdateDisableConfig), (24 bytes).
    Removing stm32f10x_tim.o(i.TIM_UpdateRequestConfig), (24 bytes).
    Removing stm32f10x_usart.o(i.USART_ClearFlag), (18 bytes).
    Removing stm32f10x_usart.o(i.USART_ClearITPendingBit), (30 bytes).
    Removing stm32f10x_usart.o(i.USART_ClockInit), (34 bytes).
    Removing stm32f10x_usart.o(i.USART_ClockStructInit), (12 bytes).
    Removing stm32f10x_usart.o(i.USART_DMACmd), (18 bytes).
    Removing stm32f10x_usart.o(i.USART_DeInit), (156 bytes).
    Removing stm32f10x_usart.o(i.USART_GetFlagStatus), (26 bytes).
    Removing stm32f10x_usart.o(i.USART_HalfDuplexCmd), (24 bytes).
    Removing stm32f10x_usart.o(i.USART_IrDACmd), (24 bytes).
    Removing stm32f10x_usart.o(i.USART_IrDAConfig), (18 bytes).
    Removing stm32f10x_usart.o(i.USART_LINBreakDetectLengthConfig), (18 bytes).
    Removing stm32f10x_usart.o(i.USART_LINCmd), (24 bytes).
    Removing stm32f10x_usart.o(i.USART_OneBitMethodCmd), (24 bytes).
    Removing stm32f10x_usart.o(i.USART_OverSampling8Cmd), (22 bytes).
    Removing stm32f10x_usart.o(i.USART_ReceiverWakeUpCmd), (24 bytes).
    Removing stm32f10x_usart.o(i.USART_SendBreak), (10 bytes).
    Removing stm32f10x_usart.o(i.USART_SendData), (8 bytes).
    Removing stm32f10x_usart.o(i.USART_SetAddress), (18 bytes).
    Removing stm32f10x_usart.o(i.USART_SetGuardTime), (16 bytes).
    Removing stm32f10x_usart.o(i.USART_SetPrescaler), (16 bytes).
    Removing stm32f10x_usart.o(i.USART_SmartCardCmd), (24 bytes).
    Removing stm32f10x_usart.o(i.USART_SmartCardNACKCmd), (24 bytes).
    Removing stm32f10x_usart.o(i.USART_StructInit), (24 bytes).
    Removing stm32f10x_usart.o(i.USART_WakeUpConfig), (18 bytes).
    Removing stm32f10x_wwdg.o(i.WWDG_ClearFlag), (12 bytes).
    Removing stm32f10x_wwdg.o(i.WWDG_DeInit), (22 bytes).
    Removing stm32f10x_wwdg.o(i.WWDG_Enable), (16 bytes).
    Removing stm32f10x_wwdg.o(i.WWDG_EnableIT), (12 bytes).
    Removing stm32f10x_wwdg.o(i.WWDG_GetFlagStatus), (12 bytes).
    Removing stm32f10x_wwdg.o(i.WWDG_SetCounter), (16 bytes).
    Removing stm32f10x_wwdg.o(i.WWDG_SetPrescaler), (24 bytes).
    Removing stm32f10x_wwdg.o(i.WWDG_SetWindowValue), (40 bytes).
    Removing filter.o(i.Aver_Filter), (132 bytes).
    Removing filter.o(i.Aver_Filter1), (132 bytes).
    Removing filter.o(i.Aver_FilterXYZ), (204 bytes).
    Removing filter.o(i.Aver_FilterXYZ6), (440 bytes).
    Removing filter.o(i.FindPos), (90 bytes).
    Removing filter.o(i.LPF_1), (100 bytes).
    Removing filter.o(i.QuiteSort), (56 bytes).
    Removing filter.o(i.SortAver_Filter), (144 bytes).
    Removing filter.o(i.SortAver_Filter1), (144 bytes).
    Removing filter.o(i.SortAver_FilterXYZ), (284 bytes).
    Removing filter.o(i.limit_filter), (88 bytes).
    Removing filter.o(.bss), (1280 bytes).
    Removing filter.o(.data), (14 bytes).
    Removing imu.o(i.IMUupdate), (1612 bytes).
    Removing imu.o(i.Prepare_Data), (392 bytes).
    Removing imu.o(i.invSqrt), (76 bytes).
    Removing imu.o(.constdata), (36 bytes).
    Removing imu.o(.data), (33 bytes).
    Removing dadd.o(.text), (334 bytes).
    Removing dmul.o(.text), (228 bytes).
    Removing f2d.o(.text), (38 bytes).
    Removing cdcmple.o(.text), (48 bytes).
    Removing cdrcmple.o(.text), (48 bytes).
    Removing d2f.o(.text), (56 bytes).
    Removing dscalb.o(.text), (46 bytes).
    Removing dsqrt.o(.text), (162 bytes).

501 unused section(s) (total 26125 bytes) removed from the image.

==============================================================================

Image Symbol Table

    Local Symbols

    Symbol Name                              Value     Ov Type        Size  Object(Section)

    ../clib/microlib/division.c              0x00000000   Number         0  uldiv.o ABSOLUTE
    ../clib/microlib/division.c              0x00000000   Number         0  ldiv.o ABSOLUTE
    ../clib/microlib/errno.c                 0x00000000   Number         0  errno.o ABSOLUTE
    ../clib/microlib/init/entry.s            0x00000000   Number         0  entry5.o ABSOLUTE
    ../clib/microlib/init/entry.s            0x00000000   Number         0  entry7b.o ABSOLUTE
    ../clib/microlib/init/entry.s            0x00000000   Number         0  entry7a.o ABSOLUTE
    ../clib/microlib/init/entry.s            0x00000000   Number         0  entry.o ABSOLUTE
    ../clib/microlib/init/entry.s            0x00000000   Number         0  entry9a.o ABSOLUTE
    ../clib/microlib/init/entry.s            0x00000000   Number         0  entry2.o ABSOLUTE
    ../clib/microlib/init/entry.s            0x00000000   Number         0  entry10b.o ABSOLUTE
    ../clib/microlib/init/entry.s            0x00000000   Number         0  entry11b.o ABSOLUTE
    ../clib/microlib/init/entry.s            0x00000000   Number         0  entry11a.o ABSOLUTE
    ../clib/microlib/init/entry.s            0x00000000   Number         0  entry10a.o ABSOLUTE
    ../clib/microlib/init/entry.s            0x00000000   Number         0  entry9b.o ABSOLUTE
    ../clib/microlib/init/entry.s            0x00000000   Number         0  entry8b.o ABSOLUTE
    ../clib/microlib/init/entry.s            0x00000000   Number         0  entry8a.o ABSOLUTE
    ../clib/microlib/longlong.c              0x00000000   Number         0  llsshr.o ABSOLUTE
    ../clib/microlib/longlong.c              0x00000000   Number         0  llshl.o ABSOLUTE
    ../clib/microlib/longlong.c              0x00000000   Number         0  llushr.o ABSOLUTE
    ../clib/microlib/string/memcpy.c         0x00000000   Number         0  memcpyb.o ABSOLUTE
    ../clib/microlib/string/memcpy.c         0x00000000   Number         0  memcpya.o ABSOLUTE
    ../clib/microlib/stubs.s                 0x00000000   Number         0  iusefp.o ABSOLUTE
    ../clib/microlib/stubs.s                 0x00000000   Number         0  useno.o ABSOLUTE
    ../fplib/microlib/d2f.c                  0x00000000   Number         0  d2f.o ABSOLUTE
    ../fplib/microlib/f2d.c                  0x00000000   Number         0  f2d.o ABSOLUTE
    ../fplib/microlib/fpadd.c                0x00000000   Number         0  fadd.o ABSOLUTE
    ../fplib/microlib/fpadd.c                0x00000000   Number         0  dadd.o ABSOLUTE
    ../fplib/microlib/fpdiv.c                0x00000000   Number         0  fdiv.o ABSOLUTE
    ../fplib/microlib/fpdiv.c                0x00000000   Number         0  ddiv.o ABSOLUTE
    ../fplib/microlib/fpepilogue.c           0x00000000   Number         0  depilogue.o ABSOLUTE
    ../fplib/microlib/fpepilogue.c           0x00000000   Number         0  fepilogue.o ABSOLUTE
    ../fplib/microlib/fpfix.c                0x00000000   Number         0  ffixui.o ABSOLUTE
    ../fplib/microlib/fpfix.c                0x00000000   Number         0  ffixi.o ABSOLUTE
    ../fplib/microlib/fpflt.c                0x00000000   Number         0  dflti.o ABSOLUTE
    ../fplib/microlib/fpflt.c                0x00000000   Number         0  ffltui.o ABSOLUTE
    ../fplib/microlib/fpflt.c                0x00000000   Number         0  fflti.o ABSOLUTE
    ../fplib/microlib/fpmul.c                0x00000000   Number         0  dmul.o ABSOLUTE
    ../fplib/microlib/fpmul.c                0x00000000   Number         0  fmul.o ABSOLUTE
    ../fplib/microlib/fpscalb.c              0x00000000   Number         0  dscalb.o ABSOLUTE
    ../fplib/microlib/fpsqrt.c               0x00000000   Number         0  dsqrt.o ABSOLUTE
    ../mathlib/asin.c                        0x00000000   Number         0  asin_x.o ABSOLUTE
    ../mathlib/asin.c                        0x00000000   Number         0  asin.o ABSOLUTE
    ../mathlib/atan.c                        0x00000000   Number         0  atan.o ABSOLUTE
    ../mathlib/atan.c                        0x00000000   Number         0  atan_x.o ABSOLUTE
    ../mathlib/atan2.c                       0x00000000   Number         0  atan2.o ABSOLUTE
    ../mathlib/atan2.c                       0x00000000   Number         0  atan2_x.o ABSOLUTE
    ../mathlib/dunder.c                      0x00000000   Number         0  dunder.o ABSOLUTE
    ../mathlib/fpclassify.c                  0x00000000   Number         0  fpclassify.o ABSOLUTE
    ../mathlib/poly.c                        0x00000000   Number         0  poly.o ABSOLUTE
    ../mathlib/qnan.c                        0x00000000   Number         0  qnan.o ABSOLUTE
    ../mathlib/sqrt.c                        0x00000000   Number         0  sqrt_x.o ABSOLUTE
    ../mathlib/sqrt.c                        0x00000000   Number         0  sqrt.o ABSOLUTE
    ..\CORE\core_cm3.c                       0x00000000   Number         0  core_cm3.o ABSOLUTE
    ..\CORE\startup_stm32f10x_md.s           0x00000000   Number         0  startup_stm32f10x_md.o ABSOLUTE
    ..\HARDWARE\MS5837\MS5837.c              0x00000000   Number         0  ms5837.o ABSOLUTE
    ..\HARDWARE\MS5837\myiic.c               0x00000000   Number         0  myiic.o ABSOLUTE
    ..\HARDWARE\src\control.c                0x00000000   Number         0  control.o ABSOLUTE
    ..\HARDWARE\src\exit.c                   0x00000000   Number         0  exit.o ABSOLUTE
    ..\HARDWARE\src\iic.c                    0x00000000   Number         0  iic.o ABSOLUTE
    ..\HARDWARE\src\led.c                    0x00000000   Number         0  led.o ABSOLUTE
    ..\HARDWARE\src\motor.c                  0x00000000   Number         0  motor.o ABSOLUTE
    ..\HARDWARE\src\mpu6050.c                0x00000000   Number         0  mpu6050.o ABSOLUTE
    ..\HARDWARE\src\nvic.c                   0x00000000   Number         0  nvic.o ABSOLUTE
    ..\HARDWARE\src\oled.c                   0x00000000   Number         0  oled.o ABSOLUTE
    ..\HARDWARE\src\pid.c                    0x00000000   Number         0  pid.o ABSOLUTE
    ..\HARDWARE\src\system.c                 0x00000000   Number         0  system.o ABSOLUTE
    ..\HARDWARE\src\tim.c                    0x00000000   Number         0  tim.o ABSOLUTE
    ..\HARDWARE\src\usart2.c                 0x00000000   Number         0  usart2.o ABSOLUTE
    ..\IMU\filter.c                          0x00000000   Number         0  filter.o ABSOLUTE
    ..\IMU\imu.c                             0x00000000   Number         0  imu.o ABSOLUTE
    ..\STM32F10x_FWLib\src\misc.c            0x00000000   Number         0  misc.o ABSOLUTE
    ..\STM32F10x_FWLib\src\stm32f10x_adc.c   0x00000000   Number         0  stm32f10x_adc.o ABSOLUTE
    ..\STM32F10x_FWLib\src\stm32f10x_bkp.c   0x00000000   Number         0  stm32f10x_bkp.o ABSOLUTE
    ..\STM32F10x_FWLib\src\stm32f10x_can.c   0x00000000   Number         0  stm32f10x_can.o ABSOLUTE
    ..\STM32F10x_FWLib\src\stm32f10x_cec.c   0x00000000   Number         0  stm32f10x_cec.o ABSOLUTE
    ..\STM32F10x_FWLib\src\stm32f10x_crc.c   0x00000000   Number         0  stm32f10x_crc.o ABSOLUTE
    ..\STM32F10x_FWLib\src\stm32f10x_dac.c   0x00000000   Number         0  stm32f10x_dac.o ABSOLUTE
    ..\STM32F10x_FWLib\src\stm32f10x_dbgmcu.c 0x00000000   Number         0  stm32f10x_dbgmcu.o ABSOLUTE
    ..\STM32F10x_FWLib\src\stm32f10x_dma.c   0x00000000   Number         0  stm32f10x_dma.o ABSOLUTE
    ..\STM32F10x_FWLib\src\stm32f10x_exti.c  0x00000000   Number         0  stm32f10x_exti.o ABSOLUTE
    ..\STM32F10x_FWLib\src\stm32f10x_flash.c 0x00000000   Number         0  stm32f10x_flash.o ABSOLUTE
    ..\STM32F10x_FWLib\src\stm32f10x_fsmc.c  0x00000000   Number         0  stm32f10x_fsmc.o ABSOLUTE
    ..\STM32F10x_FWLib\src\stm32f10x_gpio.c  0x00000000   Number         0  stm32f10x_gpio.o ABSOLUTE
    ..\STM32F10x_FWLib\src\stm32f10x_i2c.c   0x00000000   Number         0  stm32f10x_i2c.o ABSOLUTE
    ..\STM32F10x_FWLib\src\stm32f10x_iwdg.c  0x00000000   Number         0  stm32f10x_iwdg.o ABSOLUTE
    ..\STM32F10x_FWLib\src\stm32f10x_pwr.c   0x00000000   Number         0  stm32f10x_pwr.o ABSOLUTE
    ..\STM32F10x_FWLib\src\stm32f10x_rcc.c   0x00000000   Number         0  stm32f10x_rcc.o ABSOLUTE
    ..\STM32F10x_FWLib\src\stm32f10x_rtc.c   0x00000000   Number         0  stm32f10x_rtc.o ABSOLUTE
    ..\STM32F10x_FWLib\src\stm32f10x_sdio.c  0x00000000   Number         0  stm32f10x_sdio.o ABSOLUTE
    ..\STM32F10x_FWLib\src\stm32f10x_spi.c   0x00000000   Number         0  stm32f10x_spi.o ABSOLUTE
    ..\STM32F10x_FWLib\src\stm32f10x_tim.c   0x00000000   Number         0  stm32f10x_tim.o ABSOLUTE
    ..\STM32F10x_FWLib\src\stm32f10x_usart.c 0x00000000   Number         0  stm32f10x_usart.o ABSOLUTE
    ..\STM32F10x_FWLib\src\stm32f10x_wwdg.c  0x00000000   Number         0  stm32f10x_wwdg.o ABSOLUTE
    ..\SYSTEM\delay\delay.c                  0x00000000   Number         0  delay.o ABSOLUTE
    ..\SYSTEM\sys\sys.c                      0x00000000   Number         0  sys.o ABSOLUTE
    ..\SYSTEM\usart\usart.c                  0x00000000   Number         0  usart.o ABSOLUTE
    ..\\CORE\\core_cm3.c                     0x00000000   Number         0  core_cm3.o ABSOLUTE
    ..\\SYSTEM\\sys\\sys.c                   0x00000000   Number         0  sys.o ABSOLUTE
    cdcmple.s                                0x00000000   Number         0  cdcmple.o ABSOLUTE
    cdrcmple.s                               0x00000000   Number         0  cdrcmple.o ABSOLUTE
    cfcmple.s                                0x00000000   Number         0  cfcmple.o ABSOLUTE
    cfrcmple.s                               0x00000000   Number         0  cfrcmple.o ABSOLUTE
    dc.s                                     0x00000000   Number         0  dc.o ABSOLUTE
    handlers.s                               0x00000000   Number         0  handlers.o ABSOLUTE
    init.s                                   0x00000000   Number         0  init.o ABSOLUTE
    main.c                                   0x00000000   Number         0  main.o ABSOLUTE
    stm32f10x_it.c                           0x00000000   Number         0  stm32f10x_it.o ABSOLUTE
    system_stm32f10x.c                       0x00000000   Number         0  system_stm32f10x.o ABSOLUTE
    RESET                                    0x08000000   Section      236  startup_stm32f10x_md.o(RESET)
    .ARM.Collect$$$$00000000                 0x080000ec   Section        0  entry.o(.ARM.Collect$$$$00000000)
    .ARM.Collect$$$$00000001                 0x080000ec   Section        4  entry2.o(.ARM.Collect$$$$00000001)
    .ARM.Collect$$$$00000004                 0x080000f0   Section        4  entry5.o(.ARM.Collect$$$$00000004)
    .ARM.Collect$$$$00000008                 0x080000f4   Section        0  entry7b.o(.ARM.Collect$$$$00000008)
    .ARM.Collect$$$$0000000A                 0x080000f4   Section        0  entry8b.o(.ARM.Collect$$$$0000000A)
    .ARM.Collect$$$$0000000B                 0x080000f4   Section        8  entry9a.o(.ARM.Collect$$$$0000000B)
    .ARM.Collect$$$$0000000D                 0x080000fc   Section        0  entry10a.o(.ARM.Collect$$$$0000000D)
    .ARM.Collect$$$$0000000F                 0x080000fc   Section        0  entry11a.o(.ARM.Collect$$$$0000000F)
    .ARM.Collect$$$$00002712                 0x080000fc   Section        4  entry2.o(.ARM.Collect$$$$00002712)
    __lit__00000000                          0x080000fc   Data           4  entry2.o(.ARM.Collect$$$$00002712)
    .text                                    0x08000100   Section       36  startup_stm32f10x_md.o(.text)
    .text                                    0x08000124   Section        0  ldiv.o(.text)
    .text                                    0x08000186   Section        0  fadd.o(.text)
    .text                                    0x08000236   Section        0  fmul.o(.text)
    .text                                    0x0800029a   Section        0  fdiv.o(.text)
    .text                                    0x08000316   Section        0  ddiv.o(.text)
    .text                                    0x080003f4   Section        0  fflti.o(.text)
    .text                                    0x08000406   Section        0  ffltui.o(.text)
    .text                                    0x08000410   Section        0  dflti.o(.text)
    .text                                    0x08000432   Section        0  ffixi.o(.text)
    .text                                    0x08000464   Section        0  ffixui.o(.text)
    .text                                    0x0800048c   Section       20  cfcmple.o(.text)
    .text                                    0x080004a0   Section       20  cfrcmple.o(.text)
    .text                                    0x080004b4   Section        0  uldiv.o(.text)
    .text                                    0x08000516   Section        0  llshl.o(.text)
    .text                                    0x08000534   Section        0  iusefp.o(.text)
    .text                                    0x08000534   Section        0  fepilogue.o(.text)
    .text                                    0x080005a2   Section        0  depilogue.o(.text)
    .text                                    0x0800065c   Section       36  init.o(.text)
    .text                                    0x08000680   Section        0  llushr.o(.text)
    i.BusFault_Handler                       0x080006a0   Section        0  stm32f10x_it.o(i.BusFault_Handler)
    i.DebugMon_Handler                       0x080006a4   Section        0  stm32f10x_it.o(i.DebugMon_Handler)
    i.DefaultParams                          0x080006a8   Section        0  pid.o(i.DefaultParams)
    i.GPIO_Init                              0x08000708   Section        0  stm32f10x_gpio.o(i.GPIO_Init)
    i.GPIO_PinRemapConfig                    0x08000820   Section        0  stm32f10x_gpio.o(i.GPIO_PinRemapConfig)
    i.GPIO_ResetBits                         0x080008b0   Section        0  stm32f10x_gpio.o(i.GPIO_ResetBits)
    i.GPIO_SetBits                           0x080008b4   Section        0  stm32f10x_gpio.o(i.GPIO_SetBits)
    i.GY_IIC_Ack                             0x080008b8   Section        0  myiic.o(i.GY_IIC_Ack)
    i.GY_IIC_Init                            0x08000908   Section        0  myiic.o(i.GY_IIC_Init)
    i.GY_IIC_NAck                            0x08000960   Section        0  myiic.o(i.GY_IIC_NAck)
    i.GY_IIC_Read_Byte                       0x080009b0   Section        0  myiic.o(i.GY_IIC_Read_Byte)
    i.GY_IIC_Send_Byte                       0x08000a20   Section        0  myiic.o(i.GY_IIC_Send_Byte)
    i.GY_IIC_Start                           0x08000a88   Section        0  myiic.o(i.GY_IIC_Start)
    i.GY_IIC_Stop                            0x08000ad4   Section        0  myiic.o(i.GY_IIC_Stop)
    i.GY_IIC_Wait_Ack                        0x08000b20   Section        0  myiic.o(i.GY_IIC_Wait_Ack)
    i.HardFault_Handler                      0x08000b88   Section        0  stm32f10x_it.o(i.HardFault_Handler)
    i.IIC_Ack                                0x08000b8c   Section        0  iic.o(i.IIC_Ack)
    i.IIC_GPIO_Init                          0x08000bc8   Section        0  iic.o(i.IIC_GPIO_Init)
    i.IIC_NAck                               0x08000c00   Section        0  iic.o(i.IIC_NAck)
    i.IIC_ReadByte                           0x08000c3c   Section        0  iic.o(i.IIC_ReadByte)
    i.IIC_ReadByteFromSlave                  0x08000c98   Section        0  iic.o(i.IIC_ReadByteFromSlave)
    i.IIC_SendByte                           0x08000ce4   Section        0  iic.o(i.IIC_SendByte)
    i.IIC_Start                              0x08000d48   Section        0  iic.o(i.IIC_Start)
    i.IIC_Stop                               0x08000d80   Section        0  iic.o(i.IIC_Stop)
    i.IIC_WaitAck                            0x08000db4   Section        0  iic.o(i.IIC_WaitAck)
    i.IIC_WriteByteToSlave                   0x08000e0c   Section        0  iic.o(i.IIC_WriteByteToSlave)
    i.LED_Init                               0x08000e54   Section        0  led.o(i.LED_Init)
    i.MOTOR_Init                             0x08000e80   Section        0  motor.o(i.MOTOR_Init)
    i.MPU6050_Check                          0x08001058   Section        0  mpu6050.o(i.MPU6050_Check)
    i.MPU6050_Init                           0x080010ac   Section        0  mpu6050.o(i.MPU6050_Init)
    i.MPU6050_ReadByte                       0x080010fe   Section        0  mpu6050.o(i.MPU6050_ReadByte)
    i.MPU6050_WriteByte                      0x08001118   Section        0  mpu6050.o(i.MPU6050_WriteByte)
    i.MPU6050_getDeviceID                    0x08001132   Section        0  mpu6050.o(i.MPU6050_getDeviceID)
    i.MPU6050_testConnection                 0x08001142   Section        0  mpu6050.o(i.MPU6050_testConnection)
    i.MS5837_30BA_GetConversion              0x08001154   Section        0  ms5837.o(i.MS5837_30BA_GetConversion)
    i.MS5837_30BA_GetData                    0x080011e0   Section        0  ms5837.o(i.MS5837_30BA_GetData)
    i.MS5837_30BA_PROM                       0x08001438   Section        0  ms5837.o(i.MS5837_30BA_PROM)
    i.MS5837_30BA_ReSet                      0x080014c0   Section        0  ms5837.o(i.MS5837_30BA_ReSet)
    i.MemManage_Handler                      0x080014e0   Section        0  stm32f10x_it.o(i.MemManage_Handler)
    i.Moto_Pwm                               0x080014e4   Section        0  motor.o(i.Moto_Pwm)
    i.NMI_Handler                            0x0800152c   Section        0  stm32f10x_it.o(i.NMI_Handler)
    i.NVIC_Init                              0x08001530   Section        0  misc.o(i.NVIC_Init)
    i.NVIC_PriorityGroupConfig               0x080015a0   Section        0  misc.o(i.NVIC_PriorityGroupConfig)
    i.NvicConfig                             0x080015b4   Section        0  nvic.o(i.NvicConfig)
    i.OLED_Clear                             0x08001614   Section        0  oled.o(i.OLED_Clear)
    i.OLED_DrawPoint                         0x08001644   Section        0  oled.o(i.OLED_DrawPoint)
    i.OLED_Init                              0x080016ac   Section        0  oled.o(i.OLED_Init)
    i.OLED_Refresh_Gram                      0x080017dc   Section        0  oled.o(i.OLED_Refresh_Gram)
    i.OLED_ShowChar                          0x08001828   Section        0  oled.o(i.OLED_ShowChar)
    i.OLED_ShowNum                           0x08001934   Section        0  oled.o(i.OLED_ShowNum)
    i.OLED_ShowString                        0x080019c8   Section        0  oled.o(i.OLED_ShowString)
    i.OLED_WR_Byte                           0x08001a28   Section        0  oled.o(i.OLED_WR_Byte)
    i.PendSV_Handler                         0x08001a8c   Section        0  stm32f10x_it.o(i.PendSV_Handler)
    i.PidParameter_init                      0x08001a90   Section        0  pid.o(i.PidParameter_init)
    i.RCC_APB1PeriphClockCmd                 0x08001b60   Section        0  stm32f10x_rcc.o(i.RCC_APB1PeriphClockCmd)
    i.RCC_APB2PeriphClockCmd                 0x08001b80   Section        0  stm32f10x_rcc.o(i.RCC_APB2PeriphClockCmd)
    i.RCC_GetClocksFreq                      0x08001ba0   Section        0  stm32f10x_rcc.o(i.RCC_GetClocksFreq)
    i.SDA_IN                                 0x08001c74   Section        0  iic.o(i.SDA_IN)
    i.SDA_OUT                                0x08001c9c   Section        0  iic.o(i.SDA_OUT)
    i.SVC_Handler                            0x08001cc8   Section        0  stm32f10x_it.o(i.SVC_Handler)
    i.SetSysClock                            0x08001cca   Section        0  system_stm32f10x.o(i.SetSysClock)
    SetSysClock                              0x08001ccb   Thumb Code     8  system_stm32f10x.o(i.SetSysClock)
    i.SetSysClockTo72                        0x08001cd4   Section        0  system_stm32f10x.o(i.SetSysClockTo72)
    SetSysClockTo72                          0x08001cd5   Thumb Code   214  system_stm32f10x.o(i.SetSysClockTo72)
    i.SysTick_CLKSourceConfig                0x08001db4   Section        0  misc.o(i.SysTick_CLKSourceConfig)
    i.SysTick_Handler                        0x08001ddc   Section        0  stm32f10x_it.o(i.SysTick_Handler)
    i.SystemInit                             0x08001de0   Section        0  system_stm32f10x.o(i.SystemInit)
    i.System_Init                            0x08001e40   Section        0  system.o(i.System_Init)
    i.TIM4_IRQHandler                        0x08001ecc   Section        0  stm32f10x_it.o(i.TIM4_IRQHandler)
    i.TIM_ClearITPendingBit                  0x08001fb4   Section        0  stm32f10x_tim.o(i.TIM_ClearITPendingBit)
    i.TIM_Cmd                                0x08001fba   Section        0  stm32f10x_tim.o(i.TIM_Cmd)
    i.TIM_CtrlPWMOutputs                     0x08001fd2   Section        0  stm32f10x_tim.o(i.TIM_CtrlPWMOutputs)
    i.TIM_GetITStatus                        0x08001ff0   Section        0  stm32f10x_tim.o(i.TIM_GetITStatus)
    i.TIM_ITConfig                           0x08002012   Section        0  stm32f10x_tim.o(i.TIM_ITConfig)
    i.TIM_Init                               0x08002024   Section        0  tim.o(i.TIM_Init)
    i.TIM_OC1Init                            0x08002068   Section        0  stm32f10x_tim.o(i.TIM_OC1Init)
    i.TIM_OC1PreloadConfig                   0x08002100   Section        0  stm32f10x_tim.o(i.TIM_OC1PreloadConfig)
    i.TIM_OC2Init                            0x08002114   Section        0  stm32f10x_tim.o(i.TIM_OC2Init)
    i.TIM_OC2PreloadConfig                   0x080021b8   Section        0  stm32f10x_tim.o(i.TIM_OC2PreloadConfig)
    i.TIM_OC3Init                            0x080021d4   Section        0  stm32f10x_tim.o(i.TIM_OC3Init)
    i.TIM_OC3PreloadConfig                   0x08002274   Section        0  stm32f10x_tim.o(i.TIM_OC3PreloadConfig)
    i.TIM_OC4Init                            0x08002288   Section        0  stm32f10x_tim.o(i.TIM_OC4Init)
    i.TIM_OC4PreloadConfig                   0x08002304   Section        0  stm32f10x_tim.o(i.TIM_OC4PreloadConfig)
    i.TIM_TimeBaseInit                       0x08002320   Section        0  stm32f10x_tim.o(i.TIM_TimeBaseInit)
    i.TableToParams                          0x080023c4   Section        0  pid.o(i.TableToParams)
    i.Task_Schedule                          0x0800254c   Section        0  system.o(i.Task_Schedule)
    i.USART1_IRQHandler                      0x08002930   Section        0  usart.o(i.USART1_IRQHandler)
    i.USART2_IRQHandler                      0x08002994   Section        0  stm32f10x_it.o(i.USART2_IRQHandler)
    i.USART_Cmd                              0x08002a1c   Section        0  stm32f10x_usart.o(i.USART_Cmd)
    i.USART_GetITStatus                      0x08002a34   Section        0  stm32f10x_usart.o(i.USART_GetITStatus)
    i.USART_ITConfig                         0x08002a88   Section        0  stm32f10x_usart.o(i.USART_ITConfig)
    i.USART_Init                             0x08002ad4   Section        0  stm32f10x_usart.o(i.USART_Init)
    i.USART_ReceiveData                      0x08002bac   Section        0  stm32f10x_usart.o(i.USART_ReceiveData)
    i.UsageFault_Handler                     0x08002bb6   Section        0  stm32f10x_it.o(i.UsageFault_Handler)
    i.__scatterload_copy                     0x08002bba   Section       14  handlers.o(i.__scatterload_copy)
    i.__scatterload_null                     0x08002bc8   Section        2  handlers.o(i.__scatterload_null)
    i.__scatterload_zeroinit                 0x08002bca   Section       14  handlers.o(i.__scatterload_zeroinit)
    i.delay_init                             0x08002bd8   Section        0  delay.o(i.delay_init)
    i.delay_ms                               0x08002c1c   Section        0  delay.o(i.delay_ms)
    i.delay_us                               0x08002c68   Section        0  delay.o(i.delay_us)
    i.left                                   0x08002cb4   Section        0  control.o(i.left)
    i.main                                   0x08002cc8   Section        0  main.o(i.main)
    i.mypow                                  0x08002cd4   Section        0  oled.o(i.mypow)
    i.pidUpdate                              0x08002cea   Section        0  pid.o(i.pidUpdate)
    i.qianjin                                0x08002d70   Section        0  control.o(i.qianjin)
    i.right                                  0x08002d84   Section        0  control.o(i.right)
    i.uart_init                              0x08002d98   Section        0  usart.o(i.uart_init)
    i.usart2_init                            0x08002e38   Section        0  usart2.o(i.usart2_init)
    .constdata                               0x08002ec0   Section     6080  oled.o(.constdata)
    .data                                    0x20000000   Section        8  usart.o(.data)
    .data                                    0x20000008   Section        4  delay.o(.data)
    fac_us                                   0x20000008   Data           1  delay.o(.data)
    fac_ms                                   0x2000000a   Data           2  delay.o(.data)
    .data                                    0x2000000c   Section       18  stm32f10x_it.o(.data)
    ms5                                      0x20000012   Data           2  stm32f10x_it.o(.data)
    ms10                                     0x20000014   Data           2  stm32f10x_it.o(.data)
    ms20                                     0x20000016   Data           2  stm32f10x_it.o(.data)
    ms100                                    0x20000018   Data           2  stm32f10x_it.o(.data)
    ms200                                    0x2000001a   Data           2  stm32f10x_it.o(.data)
    ms800                                    0x2000001c   Data           2  stm32f10x_it.o(.data)
    .data                                    0x20000020   Section       20  system_stm32f10x.o(.data)
    .data                                    0x20000034   Section       42  mpu6050.o(.data)
    tempgx                                   0x20000050   Data           4  mpu6050.o(.data)
    tempgy                                   0x20000054   Data           4  mpu6050.o(.data)
    tempgz                                   0x20000058   Data           4  mpu6050.o(.data)
    cnt_a                                    0x2000005c   Data           2  mpu6050.o(.data)
    .data                                    0x2000005e   Section       28  system.o(.data)
    .data                                    0x2000007c   Section       44  control.o(.data)
    .data                                    0x200000a8   Section      104  ms5837.o(.data)
    .data                                    0x20000110   Section       20  stm32f10x_rcc.o(.data)
    APBAHBPrescTable                         0x20000110   Data          16  stm32f10x_rcc.o(.data)
    ADCPrescTable                            0x20000120   Data           4  stm32f10x_rcc.o(.data)
    .bss                                     0x20000124   Section      200  usart.o(.bss)
    .bss                                     0x200001ec   Section      200  usart2.o(.bss)
    .bss                                     0x200002b4   Section     1024  oled.o(.bss)
    .bss                                     0x200006b4   Section      168  pid.o(.bss)
    .bss                                     0x2000075c   Section      420  control.o(.bss)
    .bss                                     0x20000900   Section       28  ms5837.o(.bss)
    .bss                                     0x2000091c   Section      120  imu.o(.bss)
    STACK                                    0x20000998   Section     1024  startup_stm32f10x_md.o(STACK)

    Global Symbols

    Symbol Name                              Value     Ov Type        Size  Object(Section)

    BuildAttributes$$THM_ISAv4$P$D$K$B$S$PE$A:L22UL41UL21$X:L11$S22US41US21$IEEE1$IW$USESV6$~STKCKD$USESV7$~SHL$OTIME$ROPI$IEEEX$EBA8$MICROLIB$REQ8$PRES8$EABIv2 0x00000000   Number         0  anon$$obj.o ABSOLUTE
    __ARM_use_no_argv                        0x00000000   Number         0  main.o ABSOLUTE
    __use_no_errno                           0x00000000   Number         0  useno.o ABSOLUTE
    __use_no_exception_handling              0x00000000   Number         0  useno.o ABSOLUTE
    __use_no_fp                              0x00000000   Number         0  useno.o ABSOLUTE
    __use_no_heap                            0x00000000   Number         0  useno.o ABSOLUTE
    __use_no_heap_region                     0x00000000   Number         0  useno.o ABSOLUTE
    __use_no_semihosting                     0x00000000   Number         0  useno.o ABSOLUTE
    __use_no_semihosting_swi                 0x00000000   Number         0  useno.o ABSOLUTE
    __use_no_signal_handling                 0x00000000   Number         0  useno.o ABSOLUTE
    __cpp_initialize__aeabi_                  - Undefined Weak Reference
    __cxa_finalize                            - Undefined Weak Reference
    __decompress                              - Undefined Weak Reference
    _clock_init                               - Undefined Weak Reference
    _microlib_exit                            - Undefined Weak Reference
    __Vectors_Size                           0x000000ec   Number         0  startup_stm32f10x_md.o ABSOLUTE
    __Vectors                                0x08000000   Data           4  startup_stm32f10x_md.o(RESET)
    __Vectors_End                            0x080000ec   Data           0  startup_stm32f10x_md.o(RESET)
    __main                                   0x080000ed   Thumb Code     0  entry.o(.ARM.Collect$$$$00000000)
    _main_stk                                0x080000ed   Thumb Code     0  entry2.o(.ARM.Collect$$$$00000001)
    _main_scatterload                        0x080000f1   Thumb Code     0  entry5.o(.ARM.Collect$$$$00000004)
    __main_after_scatterload                 0x080000f5   Thumb Code     0  entry5.o(.ARM.Collect$$$$00000004)
    _main_clock                              0x080000f5   Thumb Code     0  entry7b.o(.ARM.Collect$$$$00000008)
    _main_cpp_init                           0x080000f5   Thumb Code     0  entry8b.o(.ARM.Collect$$$$0000000A)
    _main_init                               0x080000f5   Thumb Code     0  entry9a.o(.ARM.Collect$$$$0000000B)
    __rt_final_cpp                           0x080000fd   Thumb Code     0  entry10a.o(.ARM.Collect$$$$0000000D)
    __rt_final_exit                          0x080000fd   Thumb Code     0  entry11a.o(.ARM.Collect$$$$0000000F)
    Reset_Handler                            0x08000101   Thumb Code     8  startup_stm32f10x_md.o(.text)
    ADC1_2_IRQHandler                        0x0800011b   Thumb Code     0  startup_stm32f10x_md.o(.text)
    CAN1_RX1_IRQHandler                      0x0800011b   Thumb Code     0  startup_stm32f10x_md.o(.text)
    CAN1_SCE_IRQHandler                      0x0800011b   Thumb Code     0  startup_stm32f10x_md.o(.text)
    DMA1_Channel1_IRQHandler                 0x0800011b   Thumb Code     0  startup_stm32f10x_md.o(.text)
    DMA1_Channel2_IRQHandler                 0x0800011b   Thumb Code     0  startup_stm32f10x_md.o(.text)
    DMA1_Channel3_IRQHandler                 0x0800011b   Thumb Code     0  startup_stm32f10x_md.o(.text)
    DMA1_Channel4_IRQHandler                 0x0800011b   Thumb Code     0  startup_stm32f10x_md.o(.text)
    DMA1_Channel5_IRQHandler                 0x0800011b   Thumb Code     0  startup_stm32f10x_md.o(.text)
    DMA1_Channel6_IRQHandler                 0x0800011b   Thumb Code     0  startup_stm32f10x_md.o(.text)
    DMA1_Channel7_IRQHandler                 0x0800011b   Thumb Code     0  startup_stm32f10x_md.o(.text)
    EXTI0_IRQHandler                         0x0800011b   Thumb Code     0  startup_stm32f10x_md.o(.text)
    EXTI15_10_IRQHandler                     0x0800011b   Thumb Code     0  startup_stm32f10x_md.o(.text)
    EXTI1_IRQHandler                         0x0800011b   Thumb Code     0  startup_stm32f10x_md.o(.text)
    EXTI2_IRQHandler                         0x0800011b   Thumb Code     0  startup_stm32f10x_md.o(.text)
    EXTI3_IRQHandler                         0x0800011b   Thumb Code     0  startup_stm32f10x_md.o(.text)
    EXTI4_IRQHandler                         0x0800011b   Thumb Code     0  startup_stm32f10x_md.o(.text)
    EXTI9_5_IRQHandler                       0x0800011b   Thumb Code     0  startup_stm32f10x_md.o(.text)
    FLASH_IRQHandler                         0x0800011b   Thumb Code     0  startup_stm32f10x_md.o(.text)
    I2C1_ER_IRQHandler                       0x0800011b   Thumb Code     0  startup_stm32f10x_md.o(.text)
    I2C1_EV_IRQHandler                       0x0800011b   Thumb Code     0  startup_stm32f10x_md.o(.text)
    I2C2_ER_IRQHandler                       0x0800011b   Thumb Code     0  startup_stm32f10x_md.o(.text)
    I2C2_EV_IRQHandler                       0x0800011b   Thumb Code     0  startup_stm32f10x_md.o(.text)
    PVD_IRQHandler                           0x0800011b   Thumb Code     0  startup_stm32f10x_md.o(.text)
    RCC_IRQHandler                           0x0800011b   Thumb Code     0  startup_stm32f10x_md.o(.text)
    RTCAlarm_IRQHandler                      0x0800011b   Thumb Code     0  startup_stm32f10x_md.o(.text)
    RTC_IRQHandler                           0x0800011b   Thumb Code     0  startup_stm32f10x_md.o(.text)
    SPI1_IRQHandler                          0x0800011b   Thumb Code     0  startup_stm32f10x_md.o(.text)
    SPI2_IRQHandler                          0x0800011b   Thumb Code     0  startup_stm32f10x_md.o(.text)
    TAMPER_IRQHandler                        0x0800011b   Thumb Code     0  startup_stm32f10x_md.o(.text)
    TIM1_BRK_IRQHandler                      0x0800011b   Thumb Code     0  startup_stm32f10x_md.o(.text)
    TIM1_CC_IRQHandler                       0x0800011b   Thumb Code     0  startup_stm32f10x_md.o(.text)
    TIM1_TRG_COM_IRQHandler                  0x0800011b   Thumb Code     0  startup_stm32f10x_md.o(.text)
    TIM1_UP_IRQHandler                       0x0800011b   Thumb Code     0  startup_stm32f10x_md.o(.text)
    TIM2_IRQHandler                          0x0800011b   Thumb Code     0  startup_stm32f10x_md.o(.text)
    TIM3_IRQHandler                          0x0800011b   Thumb Code     0  startup_stm32f10x_md.o(.text)
    USART3_IRQHandler                        0x0800011b   Thumb Code     0  startup_stm32f10x_md.o(.text)
    USBWakeUp_IRQHandler                     0x0800011b   Thumb Code     0  startup_stm32f10x_md.o(.text)
    USB_HP_CAN1_TX_IRQHandler                0x0800011b   Thumb Code     0  startup_stm32f10x_md.o(.text)
    USB_LP_CAN1_RX0_IRQHandler               0x0800011b   Thumb Code     0  startup_stm32f10x_md.o(.text)
    WWDG_IRQHandler                          0x0800011b   Thumb Code     0  startup_stm32f10x_md.o(.text)
    __aeabi_ldivmod                          0x08000125   Thumb Code    98  ldiv.o(.text)
    __aeabi_fadd                             0x08000187   Thumb Code   164  fadd.o(.text)
    __aeabi_fsub                             0x0800022b   Thumb Code     6  fadd.o(.text)
    __aeabi_frsub                            0x08000231   Thumb Code     6  fadd.o(.text)
    __aeabi_fmul                             0x08000237   Thumb Code   100  fmul.o(.text)
    __aeabi_fdiv                             0x0800029b   Thumb Code   124  fdiv.o(.text)
    __aeabi_ddiv                             0x08000317   Thumb Code   222  ddiv.o(.text)
    __aeabi_i2f                              0x080003f5   Thumb Code    18  fflti.o(.text)
    __aeabi_ui2f                             0x08000407   Thumb Code    10  ffltui.o(.text)
    __aeabi_i2d                              0x08000411   Thumb Code    34  dflti.o(.text)
    __aeabi_f2iz                             0x08000433   Thumb Code    50  ffixi.o(.text)
    __aeabi_f2uiz                            0x08000465   Thumb Code    40  ffixui.o(.text)
    __aeabi_cfcmpeq                          0x0800048d   Thumb Code     0  cfcmple.o(.text)
    __aeabi_cfcmple                          0x0800048d   Thumb Code    20  cfcmple.o(.text)
    __aeabi_cfrcmple                         0x080004a1   Thumb Code    20  cfrcmple.o(.text)
    __aeabi_uldivmod                         0x080004b5   Thumb Code    98  uldiv.o(.text)
    __aeabi_llsl                             0x08000517   Thumb Code    30  llshl.o(.text)
    _ll_shift_l                              0x08000517   Thumb Code     0  llshl.o(.text)
    __I$use$fp                               0x08000535   Thumb Code     0  iusefp.o(.text)
    _float_round                             0x08000535   Thumb Code    18  fepilogue.o(.text)
    _float_epilogue                          0x08000547   Thumb Code    92  fepilogue.o(.text)
    _double_round                            0x080005a3   Thumb Code    30  depilogue.o(.text)
    _double_epilogue                         0x080005c1   Thumb Code   156  depilogue.o(.text)
    __scatterload                            0x0800065d   Thumb Code    28  init.o(.text)
    __scatterload_rt2                        0x0800065d   Thumb Code     0  init.o(.text)
    __aeabi_llsr                             0x08000681   Thumb Code    32  llushr.o(.text)
    _ll_ushift_r                             0x08000681   Thumb Code     0  llushr.o(.text)
    BusFault_Handler                         0x080006a1   Thumb Code     4  stm32f10x_it.o(i.BusFault_Handler)
    DebugMon_Handler                         0x080006a5   Thumb Code     2  stm32f10x_it.o(i.DebugMon_Handler)
    DefaultParams                            0x080006a9   Thumb Code    90  pid.o(i.DefaultParams)
    GPIO_Init                                0x08000709   Thumb Code   278  stm32f10x_gpio.o(i.GPIO_Init)
    GPIO_PinRemapConfig                      0x08000821   Thumb Code   138  stm32f10x_gpio.o(i.GPIO_PinRemapConfig)
    GPIO_ResetBits                           0x080008b1   Thumb Code     4  stm32f10x_gpio.o(i.GPIO_ResetBits)
    GPIO_SetBits                             0x080008b5   Thumb Code     4  stm32f10x_gpio.o(i.GPIO_SetBits)
    GY_IIC_Ack                               0x080008b9   Thumb Code    66  myiic.o(i.GY_IIC_Ack)
    GY_IIC_Init                              0x08000909   Thumb Code    66  myiic.o(i.GY_IIC_Init)
    GY_IIC_NAck                              0x08000961   Thumb Code    66  myiic.o(i.GY_IIC_NAck)
    GY_IIC_Read_Byte                         0x080009b1   Thumb Code    98  myiic.o(i.GY_IIC_Read_Byte)
    GY_IIC_Send_Byte                         0x08000a21   Thumb Code    90  myiic.o(i.GY_IIC_Send_Byte)
    GY_IIC_Start                             0x08000a89   Thumb Code    64  myiic.o(i.GY_IIC_Start)
    GY_IIC_Stop                              0x08000ad5   Thumb Code    62  myiic.o(i.GY_IIC_Stop)
    GY_IIC_Wait_Ack                          0x08000b21   Thumb Code    90  myiic.o(i.GY_IIC_Wait_Ack)
    HardFault_Handler                        0x08000b89   Thumb Code     4  stm32f10x_it.o(i.HardFault_Handler)
    IIC_Ack                                  0x08000b8d   Thumb Code    54  iic.o(i.IIC_Ack)
    IIC_GPIO_Init                            0x08000bc9   Thumb Code    50  iic.o(i.IIC_GPIO_Init)
    IIC_NAck                                 0x08000c01   Thumb Code    56  iic.o(i.IIC_NAck)
    IIC_ReadByte                             0x08000c3d   Thumb Code    88  iic.o(i.IIC_ReadByte)
    IIC_ReadByteFromSlave                    0x08000c99   Thumb Code    74  iic.o(i.IIC_ReadByteFromSlave)
    IIC_SendByte                             0x08000ce5   Thumb Code    96  iic.o(i.IIC_SendByte)
    IIC_Start                                0x08000d49   Thumb Code    52  iic.o(i.IIC_Start)
    IIC_Stop                                 0x08000d81   Thumb Code    46  iic.o(i.IIC_Stop)
    IIC_WaitAck                              0x08000db5   Thumb Code    82  iic.o(i.IIC_WaitAck)
    IIC_WriteByteToSlave                     0x08000e0d   Thumb Code    70  iic.o(i.IIC_WriteByteToSlave)
    LED_Init                                 0x08000e55   Thumb Code    38  led.o(i.LED_Init)
    MOTOR_Init                               0x08000e81   Thumb Code   454  motor.o(i.MOTOR_Init)
    MPU6050_Check                            0x08001059   Thumb Code    58  mpu6050.o(i.MPU6050_Check)
    MPU6050_Init                             0x080010ad   Thumb Code    82  mpu6050.o(i.MPU6050_Init)
    MPU6050_ReadByte                         0x080010ff   Thumb Code    26  mpu6050.o(i.MPU6050_ReadByte)
    MPU6050_WriteByte                        0x08001119   Thumb Code    26  mpu6050.o(i.MPU6050_WriteByte)
    MPU6050_getDeviceID                      0x08001133   Thumb Code    16  mpu6050.o(i.MPU6050_getDeviceID)
    MPU6050_testConnection                   0x08001143   Thumb Code    18  mpu6050.o(i.MPU6050_testConnection)
    MS5837_30BA_GetConversion                0x08001155   Thumb Code   140  ms5837.o(i.MS5837_30BA_GetConversion)
    MS5837_30BA_GetData                      0x080011e1   Thumb Code   540  ms5837.o(i.MS5837_30BA_GetData)
    MS5837_30BA_PROM                         0x08001439   Thumb Code   132  ms5837.o(i.MS5837_30BA_PROM)
    MS5837_30BA_ReSet                        0x080014c1   Thumb Code    32  ms5837.o(i.MS5837_30BA_ReSet)
    MemManage_Handler                        0x080014e1   Thumb Code     4  stm32f10x_it.o(i.MemManage_Handler)
    Moto_Pwm                                 0x080014e5   Thumb Code    68  motor.o(i.Moto_Pwm)
    NMI_Handler                              0x0800152d   Thumb Code     2  stm32f10x_it.o(i.NMI_Handler)
    NVIC_Init                                0x08001531   Thumb Code   100  misc.o(i.NVIC_Init)
    NVIC_PriorityGroupConfig                 0x080015a1   Thumb Code    10  misc.o(i.NVIC_PriorityGroupConfig)
    NvicConfig                               0x080015b5   Thumb Code    94  nvic.o(i.NvicConfig)
    OLED_Clear                               0x08001615   Thumb Code    42  oled.o(i.OLED_Clear)
    OLED_DrawPoint                           0x08001645   Thumb Code   100  oled.o(i.OLED_DrawPoint)
    OLED_Init                                0x080016ad   Thumb Code   286  oled.o(i.OLED_Init)
    OLED_Refresh_Gram                        0x080017dd   Thumb Code    70  oled.o(i.OLED_Refresh_Gram)
    OLED_ShowChar                            0x08001829   Thumb Code   254  oled.o(i.OLED_ShowChar)
    OLED_ShowNum                             0x08001935   Thumb Code   148  oled.o(i.OLED_ShowNum)
    OLED_ShowString                          0x080019c9   Thumb Code    94  oled.o(i.OLED_ShowString)
    OLED_WR_Byte                             0x08001a29   Thumb Code    82  oled.o(i.OLED_WR_Byte)
    PendSV_Handler                           0x08001a8d   Thumb Code     2  stm32f10x_it.o(i.PendSV_Handler)
    PidParameter_init                        0x08001a91   Thumb Code   148  pid.o(i.PidParameter_init)
    RCC_APB1PeriphClockCmd                   0x08001b61   Thumb Code    26  stm32f10x_rcc.o(i.RCC_APB1PeriphClockCmd)
    RCC_APB2PeriphClockCmd                   0x08001b81   Thumb Code    26  stm32f10x_rcc.o(i.RCC_APB2PeriphClockCmd)
    RCC_GetClocksFreq                        0x08001ba1   Thumb Code   192  stm32f10x_rcc.o(i.RCC_GetClocksFreq)
    SDA_IN                                   0x08001c75   Thumb Code    34  iic.o(i.SDA_IN)
    SDA_OUT                                  0x08001c9d   Thumb Code    40  iic.o(i.SDA_OUT)
    SVC_Handler                              0x08001cc9   Thumb Code     2  stm32f10x_it.o(i.SVC_Handler)
    SysTick_CLKSourceConfig                  0x08001db5   Thumb Code    40  misc.o(i.SysTick_CLKSourceConfig)
    SysTick_Handler                          0x08001ddd   Thumb Code     2  stm32f10x_it.o(i.SysTick_Handler)
    SystemInit                               0x08001de1   Thumb Code    78  system_stm32f10x.o(i.SystemInit)
    System_Init                              0x08001e41   Thumb Code   132  system.o(i.System_Init)
    TIM4_IRQHandler                          0x08001ecd   Thumb Code   184  stm32f10x_it.o(i.TIM4_IRQHandler)
    TIM_ClearITPendingBit                    0x08001fb5   Thumb Code     6  stm32f10x_tim.o(i.TIM_ClearITPendingBit)
    TIM_Cmd                                  0x08001fbb   Thumb Code    24  stm32f10x_tim.o(i.TIM_Cmd)
    TIM_CtrlPWMOutputs                       0x08001fd3   Thumb Code    30  stm32f10x_tim.o(i.TIM_CtrlPWMOutputs)
    TIM_GetITStatus                          0x08001ff1   Thumb Code    34  stm32f10x_tim.o(i.TIM_GetITStatus)
    TIM_ITConfig                             0x08002013   Thumb Code    18  stm32f10x_tim.o(i.TIM_ITConfig)
    TIM_Init                                 0x08002025   Thumb Code    62  tim.o(i.TIM_Init)
    TIM_OC1Init                              0x08002069   Thumb Code   132  stm32f10x_tim.o(i.TIM_OC1Init)
    TIM_OC1PreloadConfig                     0x08002101   Thumb Code    18  stm32f10x_tim.o(i.TIM_OC1PreloadConfig)
    TIM_OC2Init                              0x08002115   Thumb Code   154  stm32f10x_tim.o(i.TIM_OC2Init)
    TIM_OC2PreloadConfig                     0x080021b9   Thumb Code    26  stm32f10x_tim.o(i.TIM_OC2PreloadConfig)
    TIM_OC3Init                              0x080021d5   Thumb Code   150  stm32f10x_tim.o(i.TIM_OC3Init)
    TIM_OC3PreloadConfig                     0x08002275   Thumb Code    18  stm32f10x_tim.o(i.TIM_OC3PreloadConfig)
    TIM_OC4Init                              0x08002289   Thumb Code   114  stm32f10x_tim.o(i.TIM_OC4Init)
    TIM_OC4PreloadConfig                     0x08002305   Thumb Code    26  stm32f10x_tim.o(i.TIM_OC4PreloadConfig)
    TIM_TimeBaseInit                         0x08002321   Thumb Code   122  stm32f10x_tim.o(i.TIM_TimeBaseInit)
    TableToParams                            0x080023c5   Thumb Code   356  pid.o(i.TableToParams)
    Task_Schedule                            0x0800254d   Thumb Code   890  system.o(i.Task_Schedule)
    USART1_IRQHandler                        0x08002931   Thumb Code    86  usart.o(i.USART1_IRQHandler)
    USART2_IRQHandler                        0x08002995   Thumb Code   122  stm32f10x_it.o(i.USART2_IRQHandler)
    USART_Cmd                                0x08002a1d   Thumb Code    24  stm32f10x_usart.o(i.USART_Cmd)
    USART_GetITStatus                        0x08002a35   Thumb Code    84  stm32f10x_usart.o(i.USART_GetITStatus)
    USART_ITConfig                           0x08002a89   Thumb Code    74  stm32f10x_usart.o(i.USART_ITConfig)
    USART_Init                               0x08002ad5   Thumb Code   210  stm32f10x_usart.o(i.USART_Init)
    USART_ReceiveData                        0x08002bad   Thumb Code    10  stm32f10x_usart.o(i.USART_ReceiveData)
    UsageFault_Handler                       0x08002bb7   Thumb Code     4  stm32f10x_it.o(i.UsageFault_Handler)
    __scatterload_copy                       0x08002bbb   Thumb Code    14  handlers.o(i.__scatterload_copy)
    __scatterload_null                       0x08002bc9   Thumb Code     2  handlers.o(i.__scatterload_null)
    __scatterload_zeroinit                   0x08002bcb   Thumb Code    14  handlers.o(i.__scatterload_zeroinit)
    delay_init                               0x08002bd9   Thumb Code    50  delay.o(i.delay_init)
    delay_ms                                 0x08002c1d   Thumb Code    72  delay.o(i.delay_ms)
    delay_us                                 0x08002c69   Thumb Code    72  delay.o(i.delay_us)
    left                                     0x08002cb5   Thumb Code    16  control.o(i.left)
    main                                     0x08002cc9   Thumb Code    12  main.o(i.main)
    mypow                                    0x08002cd5   Thumb Code    22  oled.o(i.mypow)
    pidUpdate                                0x08002ceb   Thumb Code   134  pid.o(i.pidUpdate)
    qianjin                                  0x08002d71   Thumb Code    14  control.o(i.qianjin)
    right                                    0x08002d85   Thumb Code    16  control.o(i.right)
    uart_init                                0x08002d99   Thumb Code   152  usart.o(i.uart_init)
    usart2_init                              0x08002e39   Thumb Code   126  usart2.o(i.usart2_init)
    asc2_1206                                0x08002ec0   Data        1140  oled.o(.constdata)
    asc2_1608                                0x08003334   Data        1520  oled.o(.constdata)
    asc2_2412                                0x08003924   Data        3420  oled.o(.constdata)
    Region$$Table$$Base                      0x08004680   Number         0  anon$$obj.o(Region$$Table)
    Region$$Table$$Limit                     0x080046a0   Number         0  anon$$obj.o(Region$$Table)
    __stdout                                 0x20000000   Data           4  usart.o(.data)
    USART_RX_STA                             0x20000004   Data           4  usart.o(.data)
    DAT_Scan                                 0x2000000c   Data           1  stm32f10x_it.o(.data)
    CTR_Scan                                 0x2000000d   Data           1  stm32f10x_it.o(.data)
    IMU_Scan                                 0x2000000e   Data           1  stm32f10x_it.o(.data)
    MPU_Scan                                 0x2000000f   Data           1  stm32f10x_it.o(.data)
    IRQ_Scan                                 0x20000010   Data           1  stm32f10x_it.o(.data)
    SystemCoreClock                          0x20000020   Data           4  system_stm32f10x.o(.data)
    AHBPrescTable                            0x20000024   Data          16  system_stm32f10x.o(.data)
    GYRO_OFFSET_RAW                          0x20000034   Data           6  mpu6050.o(.data)
    ACC_OFFSET_RAW                           0x2000003a   Data           6  mpu6050.o(.data)
    MPU6050_ACC_RAW                          0x20000040   Data           6  mpu6050.o(.data)
    MPU6050_GYRO_RAW                         0x20000046   Data           6  mpu6050.o(.data)
    SENSER_OFFSET_FLAG                       0x2000004c   Data           1  mpu6050.o(.data)
    set_zhi                                  0x2000005e   Data           1  system.o(.data)
    STATE_CTR                                0x2000005f   Data           1  system.o(.data)
    STATE_RUN                                0x20000060   Data           1  system.o(.data)
    STATE_R                                  0x20000061   Data           1  system.o(.data)
    i                                        0x20000062   Data           1  system.o(.data)
    j                                        0x20000063   Data           1  system.o(.data)
    receive_dat                              0x20000064   Data           6  system.o(.data)
    X                                        0x2000006a   Data           2  system.o(.data)
    J                                        0x2000006c   Data           2  system.o(.data)
    correct                                  0x2000006e   Data           2  system.o(.data)
    out_w                                    0x20000070   Data           2  system.o(.data)
    out_n                                    0x20000072   Data           2  system.o(.data)
    x                                        0x20000074   Data           2  system.o(.data)
    y                                        0x20000076   Data           2  system.o(.data)
    z                                        0x20000078   Data           2  system.o(.data)
    angle_rol                                0x2000007c   Data           4  control.o(.data)
    angle_pit                                0x20000080   Data           4  control.o(.data)
    Pre_THROTTLE                             0x20000084   Data           4  control.o(.data)
    THROTTLE                                 0x20000088   Data           4  control.o(.data)
    Moto_PWM_1                               0x2000008c   Data           4  control.o(.data)
    Moto_PWM_2                               0x20000090   Data           4  control.o(.data)
    Moto_PWM_3                               0x20000094   Data           4  control.o(.data)
    Moto_PWM_4                               0x20000098   Data           4  control.o(.data)
    Moto_PWM_5                               0x2000009c   Data           4  control.o(.data)
    Moto_PWM_6                               0x200000a0   Data           4  control.o(.data)
    alt_target                               0x200000a4   Data           4  control.o(.data)
    Aux                                      0x200000a8   Data           4  ms5837.o(.data)
    dT                                       0x200000ac   Data           4  ms5837.o(.data)
    TEMP                                     0x200000b0   Data           4  ms5837.o(.data)
    OFF_                                     0x200000b8   Data           8  ms5837.o(.data)
    SENS                                     0x200000c0   Data           8  ms5837.o(.data)
    D1_Pres                                  0x200000c8   Data           4  ms5837.o(.data)
    D2_Temp                                  0x200000cc   Data           4  ms5837.o(.data)
    Temperature                              0x200000d0   Data           8  ms5837.o(.data)
    Pressure                                 0x200000d8   Data           4  ms5837.o(.data)
    Pressure_old                             0x200000dc   Data           4  ms5837.o(.data)
    OFFi                                     0x200000e0   Data           4  ms5837.o(.data)
    SENSi                                    0x200000e4   Data           4  ms5837.o(.data)
    Ti                                       0x200000e8   Data           4  ms5837.o(.data)
    OFF2                                     0x200000f0   Data           8  ms5837.o(.data)
    SENS2                                    0x200000f8   Data           8  ms5837.o(.data)
    TEMP2                                    0x20000100   Data           4  ms5837.o(.data)
    T2                                       0x20000108   Data           8  ms5837.o(.data)
    USART1_RX_BUF                            0x20000124   Data         200  usart.o(.bss)
    USART2_RX_BUF                            0x200001ec   Data         200  usart2.o(.bss)
    OLED_GRAM                                0x200002b4   Data        1024  oled.o(.bss)
    PIDflash                                 0x200006b4   Data          62  pid.o(.bss)
    pid_n                                    0x200006f4   Data          52  pid.o(.bss)
    pid_w                                    0x20000728   Data          52  pid.o(.bss)
    PID_ROL_Angle                            0x2000075c   Data          60  control.o(.bss)
    PID_PIT_Angle                            0x20000798   Data          60  control.o(.bss)
    PID_YAW_Angle                            0x200007d4   Data          60  control.o(.bss)
    PID_ROL_Rate                             0x20000810   Data          60  control.o(.bss)
    PID_PIT_Rate                             0x2000084c   Data          60  control.o(.bss)
    PID_YAW_Rate                             0x20000888   Data          60  control.o(.bss)
    PID_ALT_Rate                             0x200008c4   Data          60  control.o(.bss)
    Cal_C                                    0x20000900   Data          28  ms5837.o(.bss)
    Att_Angle                                0x2000091c   Data          12  imu.o(.bss)
    Gyr_rad                                  0x20000928   Data          12  imu.o(.bss)
    Gyr_radold                               0x20000934   Data          12  imu.o(.bss)
    Acc_filt                                 0x20000940   Data          12  imu.o(.bss)
    Gry_filt                                 0x2000094c   Data          12  imu.o(.bss)
    Acc_filtold                              0x20000958   Data          12  imu.o(.bss)
    accb                                     0x20000964   Data          12  imu.o(.bss)
    DCMgb                                    0x20000970   Data          36  imu.o(.bss)
    __initial_sp                             0x20000d98   Data           0  startup_stm32f10x_md.o(STACK)



==============================================================================

Memory Map of the image

  Image Entry point : 0x080000ed

  Load Region LR_IROM1 (Base: 0x08000000, Size: 0x000047c4, Max: 0x00010000, ABSOLUTE)

    Execution Region ER_IROM1 (Base: 0x08000000, Size: 0x000046a0, Max: 0x00010000, ABSOLUTE)

    Base Addr    Size         Type   Attr      Idx    E Section Name        Object

    0x08000000   0x000000ec   Data   RO         1020    RESET               startup_stm32f10x_md.o
    0x080000ec   0x00000000   Code   RO         4119  * .ARM.Collect$$$$00000000  mc_w.l(entry.o)
    0x080000ec   0x00000004   Code   RO         4199    .ARM.Collect$$$$00000001  mc_w.l(entry2.o)
    0x080000f0   0x00000004   Code   RO         4202    .ARM.Collect$$$$00000004  mc_w.l(entry5.o)
    0x080000f4   0x00000000   Code   RO         4204    .ARM.Collect$$$$00000008  mc_w.l(entry7b.o)
    0x080000f4   0x00000000   Code   RO         4206    .ARM.Collect$$$$0000000A  mc_w.l(entry8b.o)
    0x080000f4   0x00000008   Code   RO         4207    .ARM.Collect$$$$0000000B  mc_w.l(entry9a.o)
    0x080000fc   0x00000000   Code   RO         4209    .ARM.Collect$$$$0000000D  mc_w.l(entry10a.o)
    0x080000fc   0x00000000   Code   RO         4211    .ARM.Collect$$$$0000000F  mc_w.l(entry11a.o)
    0x080000fc   0x00000004   Code   RO         4200    .ARM.Collect$$$$00002712  mc_w.l(entry2.o)
    0x08000100   0x00000024   Code   RO         1021    .text               startup_stm32f10x_md.o
    0x08000124   0x00000062   Code   RO         4122    .text               mc_w.l(ldiv.o)
    0x08000186   0x000000b0   Code   RO         4128    .text               mf_w.l(fadd.o)
    0x08000236   0x00000064   Code   RO         4130    .text               mf_w.l(fmul.o)
    0x0800029a   0x0000007c   Code   RO         4132    .text               mf_w.l(fdiv.o)
    0x08000316   0x000000de   Code   RO         4138    .text               mf_w.l(ddiv.o)
    0x080003f4   0x00000012   Code   RO         4140    .text               mf_w.l(fflti.o)
    0x08000406   0x0000000a   Code   RO         4142    .text               mf_w.l(ffltui.o)
    0x08000410   0x00000022   Code   RO         4144    .text               mf_w.l(dflti.o)
    0x08000432   0x00000032   Code   RO         4146    .text               mf_w.l(ffixi.o)
    0x08000464   0x00000028   Code   RO         4148    .text               mf_w.l(ffixui.o)
    0x0800048c   0x00000014   Code   RO         4158    .text               mf_w.l(cfcmple.o)
    0x080004a0   0x00000014   Code   RO         4160    .text               mf_w.l(cfrcmple.o)
    0x080004b4   0x00000062   Code   RO         4213    .text               mc_w.l(uldiv.o)
    0x08000516   0x0000001e   Code   RO         4215    .text               mc_w.l(llshl.o)
    0x08000534   0x00000000   Code   RO         4226    .text               mc_w.l(iusefp.o)
    0x08000534   0x0000006e   Code   RO         4227    .text               mf_w.l(fepilogue.o)
    0x080005a2   0x000000ba   Code   RO         4229    .text               mf_w.l(depilogue.o)
    0x0800065c   0x00000024   Code   RO         4233    .text               mc_w.l(init.o)
    0x08000680   0x00000020   Code   RO         4235    .text               mc_w.l(llushr.o)
    0x080006a0   0x00000004   Code   RO          279    i.BusFault_Handler  stm32f10x_it.o
    0x080006a4   0x00000002   Code   RO          280    i.DebugMon_Handler  stm32f10x_it.o
    0x080006a6   0x00000002   PAD
    0x080006a8   0x00000060   Code   RO          824    i.DefaultParams     pid.o
    0x08000708   0x00000116   Code   RO         2176    i.GPIO_Init         stm32f10x_gpio.o
    0x0800081e   0x00000002   PAD
    0x08000820   0x00000090   Code   RO         2178    i.GPIO_PinRemapConfig  stm32f10x_gpio.o
    0x080008b0   0x00000004   Code   RO         2183    i.GPIO_ResetBits    stm32f10x_gpio.o
    0x080008b4   0x00000004   Code   RO         2184    i.GPIO_SetBits      stm32f10x_gpio.o
    0x080008b8   0x00000050   Code   RO          954    i.GY_IIC_Ack        myiic.o
    0x08000908   0x00000058   Code   RO          955    i.GY_IIC_Init       myiic.o
    0x08000960   0x00000050   Code   RO          956    i.GY_IIC_NAck       myiic.o
    0x080009b0   0x00000070   Code   RO          957    i.GY_IIC_Read_Byte  myiic.o
    0x08000a20   0x00000068   Code   RO          958    i.GY_IIC_Send_Byte  myiic.o
    0x08000a88   0x0000004c   Code   RO          959    i.GY_IIC_Start      myiic.o
    0x08000ad4   0x0000004c   Code   RO          960    i.GY_IIC_Stop       myiic.o
    0x08000b20   0x00000068   Code   RO          961    i.GY_IIC_Wait_Ack   myiic.o
    0x08000b88   0x00000004   Code   RO          281    i.HardFault_Handler  stm32f10x_it.o
    0x08000b8c   0x0000003c   Code   RO          439    i.IIC_Ack           iic.o
    0x08000bc8   0x00000038   Code   RO          440    i.IIC_GPIO_Init     iic.o
    0x08000c00   0x0000003c   Code   RO          441    i.IIC_NAck          iic.o
    0x08000c3c   0x0000005c   Code   RO          442    i.IIC_ReadByte      iic.o
    0x08000c98   0x0000004a   Code   RO          443    i.IIC_ReadByteFromSlave  iic.o
    0x08000ce2   0x00000002   PAD
    0x08000ce4   0x00000064   Code   RO          445    i.IIC_SendByte      iic.o
    0x08000d48   0x00000038   Code   RO          446    i.IIC_Start         iic.o
    0x08000d80   0x00000034   Code   RO          447    i.IIC_Stop          iic.o
    0x08000db4   0x00000058   Code   RO          448    i.IIC_WaitAck       iic.o
    0x08000e0c   0x00000046   Code   RO          449    i.IIC_WriteByteToSlave  iic.o
    0x08000e52   0x00000002   PAD
    0x08000e54   0x0000002c   Code   RO          415    i.LED_Init          led.o
    0x08000e80   0x000001d8   Code   RO          529    i.MOTOR_Init        motor.o
    0x08001058   0x00000054   Code   RO          554    i.MPU6050_Check     mpu6050.o
    0x080010ac   0x00000052   Code   RO          556    i.MPU6050_Init      mpu6050.o
    0x080010fe   0x0000001a   Code   RO          560    i.MPU6050_ReadByte  mpu6050.o
    0x08001118   0x0000001a   Code   RO          563    i.MPU6050_WriteByte  mpu6050.o
    0x08001132   0x00000010   Code   RO          565    i.MPU6050_getDeviceID  mpu6050.o
    0x08001142   0x00000012   Code   RO          566    i.MPU6050_testConnection  mpu6050.o
    0x08001154   0x0000008c   Code   RO          912    i.MS5837_30BA_GetConversion  ms5837.o
    0x080011e0   0x00000258   Code   RO          913    i.MS5837_30BA_GetData  ms5837.o
    0x08001438   0x00000088   Code   RO          914    i.MS5837_30BA_PROM  ms5837.o
    0x080014c0   0x00000020   Code   RO          915    i.MS5837_30BA_ReSet  ms5837.o
    0x080014e0   0x00000004   Code   RO          282    i.MemManage_Handler  stm32f10x_it.o
    0x080014e4   0x00000048   Code   RO          530    i.Moto_Pwm          motor.o
    0x0800152c   0x00000002   Code   RO          283    i.NMI_Handler       stm32f10x_it.o
    0x0800152e   0x00000002   PAD
    0x08001530   0x00000070   Code   RO         1025    i.NVIC_Init         misc.o
    0x080015a0   0x00000014   Code   RO         1026    i.NVIC_PriorityGroupConfig  misc.o
    0x080015b4   0x0000005e   Code   RO          669    i.NvicConfig        nvic.o
    0x08001612   0x00000002   PAD
    0x08001614   0x00000030   Code   RO          736    i.OLED_Clear        oled.o
    0x08001644   0x00000068   Code   RO          739    i.OLED_DrawPoint    oled.o
    0x080016ac   0x00000130   Code   RO          741    i.OLED_Init         oled.o
    0x080017dc   0x0000004c   Code   RO          742    i.OLED_Refresh_Gram  oled.o
    0x08001828   0x0000010c   Code   RO          743    i.OLED_ShowChar     oled.o
    0x08001934   0x00000094   Code   RO          744    i.OLED_ShowNum      oled.o
    0x080019c8   0x0000005e   Code   RO          745    i.OLED_ShowString   oled.o
    0x08001a26   0x00000002   PAD
    0x08001a28   0x00000064   Code   RO          746    i.OLED_WR_Byte      oled.o
    0x08001a8c   0x00000002   Code   RO          284    i.PendSV_Handler    stm32f10x_it.o
    0x08001a8e   0x00000002   PAD
    0x08001a90   0x000000d0   Code   RO          826    i.PidParameter_init  pid.o
    0x08001b60   0x00000020   Code   RO         2592    i.RCC_APB1PeriphClockCmd  stm32f10x_rcc.o
    0x08001b80   0x00000020   Code   RO         2594    i.RCC_APB2PeriphClockCmd  stm32f10x_rcc.o
    0x08001ba0   0x000000d4   Code   RO         2602    i.RCC_GetClocksFreq  stm32f10x_rcc.o
    0x08001c74   0x00000028   Code   RO          451    i.SDA_IN            iic.o
    0x08001c9c   0x0000002c   Code   RO          452    i.SDA_OUT           iic.o
    0x08001cc8   0x00000002   Code   RO          285    i.SVC_Handler       stm32f10x_it.o
    0x08001cca   0x00000008   Code   RO          359    i.SetSysClock       system_stm32f10x.o
    0x08001cd2   0x00000002   PAD
    0x08001cd4   0x000000e0   Code   RO          360    i.SetSysClockTo72   system_stm32f10x.o
    0x08001db4   0x00000028   Code   RO         1029    i.SysTick_CLKSourceConfig  misc.o
    0x08001ddc   0x00000002   Code   RO          286    i.SysTick_Handler   stm32f10x_it.o
    0x08001dde   0x00000002   PAD
    0x08001de0   0x00000060   Code   RO          362    i.SystemInit        system_stm32f10x.o
    0x08001e40   0x0000008c   Code   RO          693    i.System_Init       system.o
    0x08001ecc   0x000000e8   Code   RO          287    i.TIM4_IRQHandler   stm32f10x_it.o
    0x08001fb4   0x00000006   Code   RO         3221    i.TIM_ClearITPendingBit  stm32f10x_tim.o
    0x08001fba   0x00000018   Code   RO         3226    i.TIM_Cmd           stm32f10x_tim.o
    0x08001fd2   0x0000001e   Code   RO         3228    i.TIM_CtrlPWMOutputs  stm32f10x_tim.o
    0x08001ff0   0x00000022   Code   RO         3247    i.TIM_GetITStatus   stm32f10x_tim.o
    0x08002012   0x00000012   Code   RO         3251    i.TIM_ITConfig      stm32f10x_tim.o
    0x08002024   0x00000044   Code   RO          681    i.TIM_Init          tim.o
    0x08002068   0x00000098   Code   RO         3255    i.TIM_OC1Init       stm32f10x_tim.o
    0x08002100   0x00000012   Code   RO         3258    i.TIM_OC1PreloadConfig  stm32f10x_tim.o
    0x08002112   0x00000002   PAD
    0x08002114   0x000000a4   Code   RO         3260    i.TIM_OC2Init       stm32f10x_tim.o
    0x080021b8   0x0000001a   Code   RO         3263    i.TIM_OC2PreloadConfig  stm32f10x_tim.o
    0x080021d2   0x00000002   PAD
    0x080021d4   0x000000a0   Code   RO         3265    i.TIM_OC3Init       stm32f10x_tim.o
    0x08002274   0x00000012   Code   RO         3268    i.TIM_OC3PreloadConfig  stm32f10x_tim.o
    0x08002286   0x00000002   PAD
    0x08002288   0x0000007c   Code   RO         3270    i.TIM_OC4Init       stm32f10x_tim.o
    0x08002304   0x0000001a   Code   RO         3272    i.TIM_OC4PreloadConfig  stm32f10x_tim.o
    0x0800231e   0x00000002   PAD
    0x08002320   0x000000a4   Code   RO         3297    i.TIM_TimeBaseInit  stm32f10x_tim.o
    0x080023c4   0x00000188   Code   RO          827    i.TableToParams     pid.o
    0x0800254c   0x000003e4   Code   RO          694    i.Task_Schedule     system.o
    0x08002930   0x00000064   Code   RO            1    i.USART1_IRQHandler  usart.o
    0x08002994   0x00000088   Code   RO          288    i.USART2_IRQHandler  stm32f10x_it.o
    0x08002a1c   0x00000018   Code   RO         3762    i.USART_Cmd         stm32f10x_usart.o
    0x08002a34   0x00000054   Code   RO         3766    i.USART_GetITStatus  stm32f10x_usart.o
    0x08002a88   0x0000004a   Code   RO         3768    i.USART_ITConfig    stm32f10x_usart.o
    0x08002ad2   0x00000002   PAD
    0x08002ad4   0x000000d8   Code   RO         3769    i.USART_Init        stm32f10x_usart.o
    0x08002bac   0x0000000a   Code   RO         3776    i.USART_ReceiveData  stm32f10x_usart.o
    0x08002bb6   0x00000004   Code   RO          289    i.UsageFault_Handler  stm32f10x_it.o
    0x08002bba   0x0000000e   Code   RO         4241    i.__scatterload_copy  mc_w.l(handlers.o)
    0x08002bc8   0x00000002   Code   RO         4242    i.__scatterload_null  mc_w.l(handlers.o)
    0x08002bca   0x0000000e   Code   RO         4243    i.__scatterload_zeroinit  mc_w.l(handlers.o)
    0x08002bd8   0x00000044   Code   RO          162    i.delay_init        delay.o
    0x08002c1c   0x0000004c   Code   RO          163    i.delay_ms          delay.o
    0x08002c68   0x0000004c   Code   RO          164    i.delay_us          delay.o
    0x08002cb4   0x00000014   Code   RO          869    i.left              control.o
    0x08002cc8   0x0000000c   Code   RO          267    i.main              main.o
    0x08002cd4   0x00000016   Code   RO          747    i.mypow             oled.o
    0x08002cea   0x00000086   Code   RO          828    i.pidUpdate         pid.o
    0x08002d70   0x00000014   Code   RO          870    i.qianjin           control.o
    0x08002d84   0x00000014   Code   RO          871    i.right             control.o
    0x08002d98   0x000000a0   Code   RO            4    i.uart_init         usart.o
    0x08002e38   0x00000088   Code   RO          715    i.usart2_init       usart2.o
    0x08002ec0   0x000017c0   Data   RO          749    .constdata          oled.o
    0x08004680   0x00000020   Data   RO         4239    Region$$Table       anon$$obj.o


    Execution Region RW_IRAM1 (Base: 0x20000000, Size: 0x00000d98, Max: 0x00005000, ABSOLUTE)

    Base Addr    Size         Type   Attr      Idx    E Section Name        Object

    0x20000000   0x00000008   Data   RW            6    .data               usart.o
    0x20000008   0x00000004   Data   RW          165    .data               delay.o
    0x2000000c   0x00000012   Data   RW          290    .data               stm32f10x_it.o
    0x2000001e   0x00000002   PAD
    0x20000020   0x00000014   Data   RW          363    .data               system_stm32f10x.o
    0x20000034   0x0000002a   Data   RW          568    .data               mpu6050.o
    0x2000005e   0x0000001c   Data   RW          695    .data               system.o
    0x2000007a   0x00000002   PAD
    0x2000007c   0x0000002c   Data   RW          873    .data               control.o
    0x200000a8   0x00000068   Data   RW          917    .data               ms5837.o
    0x20000110   0x00000014   Data   RW         2622    .data               stm32f10x_rcc.o
    0x20000124   0x000000c8   Zero   RW            5    .bss                usart.o
    0x200001ec   0x000000c8   Zero   RW          717    .bss                usart2.o
    0x200002b4   0x00000400   Zero   RW          748    .bss                oled.o
    0x200006b4   0x000000a8   Zero   RW          829    .bss                pid.o
    0x2000075c   0x000001a4   Zero   RW          872    .bss                control.o
    0x20000900   0x0000001c   Zero   RW          916    .bss                ms5837.o
    0x2000091c   0x00000078   Zero   RW         4072    .bss                imu.o
    0x20000994   0x00000004   PAD
    0x20000998   0x00000400   Zero   RW         1018    STACK               startup_stm32f10x_md.o


==============================================================================

Image component sizes


      Code (inc. data)   RO Data    RW Data    ZI Data      Debug   Object Name

        60         14          0         44        420       5833   control.o
       220         26          0          4          0       2195   delay.o
       792         50          0          0          0       6862   iic.o
         0          0          0          0        120       5082   imu.o
        44          6          0          0          0        487   led.o
        12          0          0          0          0        419   main.o
       172         22          0          0          0       2077   misc.o
       544         22          0          0          0       1524   motor.o
       252         26          0         42          0       8824   mpu6050.o
       908         64          0        104         28       3743   ms5837.o
       720        118          0          0          0       4354   myiic.o
        94          0          0          0          0        541   nvic.o
      1164         66       6080          0       1024       7080   oled.o
       830        102          0          0        168       6932   pid.o
        36          8        236          0       1024        792   startup_stm32f10x_md.o
       430          6          0          0          0       3874   stm32f10x_gpio.o
       394         62          0         18          0       5331   stm32f10x_it.o
       276         32          0         20          0       4466   stm32f10x_rcc.o
       964         92          0          0          0       9323   stm32f10x_tim.o
       408          6          0          0          0       4978   stm32f10x_usart.o
         0          0          0          0          0         32   sys.o
      1136        114          0         28          0       2662   system.o
       328         28          0         20          0       2117   system_stm32f10x.o
        68          6          0          0          0        507   tim.o
       260         22          0          8        200     254581   usart.o
       136         10          0          0        200       1242   usart2.o

    ----------------------------------------------------------------------
     10278        902       6348        292       3188     345858   Object Totals
         0          0         32          0          0          0   (incl. Generated)
        30          0          0          4          4          0   (incl. Padding)

    ----------------------------------------------------------------------

      Code (inc. data)   RO Data    RW Data    ZI Data      Debug   Library Member Name

         0          0          0          0          0          0   entry.o
         0          0          0          0          0          0   entry10a.o
         0          0          0          0          0          0   entry11a.o
         8          4          0          0          0          0   entry2.o
         4          0          0          0          0          0   entry5.o
         0          0          0          0          0          0   entry7b.o
         0          0          0          0          0          0   entry8b.o
         8          4          0          0          0          0   entry9a.o
        30          0          0          0          0          0   handlers.o
        36          8          0          0          0         68   init.o
         0          0          0          0          0          0   iusefp.o
        98          0          0          0          0         84   ldiv.o
        30          0          0          0          0         68   llshl.o
        32          0          0          0          0         68   llushr.o
        98          0          0          0          0         92   uldiv.o
        20          0          0          0          0         68   cfcmple.o
        20          0          0          0          0         68   cfrcmple.o
       222          0          0          0          0        100   ddiv.o
       186          0          0          0          0        176   depilogue.o
        34          0          0          0          0         76   dflti.o
       176          0          0          0          0        140   fadd.o
       124          0          0          0          0         88   fdiv.o
       110          0          0          0          0        168   fepilogue.o
        50          0          0          0          0         68   ffixi.o
        40          0          0          0          0         68   ffixui.o
        18          0          0          0          0         68   fflti.o
        10          0          0          0          0         68   ffltui.o
       100          0          0          0          0         76   fmul.o

    ----------------------------------------------------------------------
      1454         16          0          0          0       1612   Library Totals
         0          0          0          0          0          0   (incl. Padding)

    ----------------------------------------------------------------------

      Code (inc. data)   RO Data    RW Data    ZI Data      Debug   Library Name

       344         16          0          0          0        380   mc_w.l
      1110          0          0          0          0       1232   mf_w.l

    ----------------------------------------------------------------------
      1454         16          0          0          0       1612   Library Totals

    ----------------------------------------------------------------------

==============================================================================


      Code (inc. data)   RO Data    RW Data    ZI Data      Debug   

     11732        918       6348        292       3188     341642   Grand Totals
     11732        918       6348        292       3188     341642   ELF Image Totals
     11732        918       6348        292          0          0   ROM Totals

==============================================================================

    Total RO  Size (Code + RO Data)                18080 (  17.66kB)
    Total RW  Size (RW Data + ZI Data)              3480 (   3.40kB)
    Total ROM Size (Code + RO Data + RW Data)      18372 (  17.94kB)

==============================================================================

